without correction
     pvalue  percentile_positive  positive  negative        TP          FP        TN        FN  FDR       FNR  sens       FPR  qvalue  svalue
0  1.000000                 1.00     100.0       0.0  0.000000  100.000000  0.000000  0.000000  1.0       NaN   NaN  1.000000     1.0     NaN
1  1.000000                 1.00     100.0       0.0  0.000000  100.000000  0.000000  0.000000  1.0       NaN   NaN  1.000000     1.0     NaN
2  0.999998                 0.98      98.0       2.0 -1.999796   99.999794  0.000204  1.999796  1.0  0.999898   0.0  0.999998     1.0     1.0
3  0.999996                 0.97      97.0       3.0 -2.999592   99.999596  0.000408  2.999592  1.0  0.999864   0.0  0.999996     1.0     1.0
4  0.999994                 0.96      96.0       4.0 -3.999388   99.999390  0.000612  3.999388  1.0  0.999847   0.0  0.999994     1.0     1.0
      pvalue  percentile_positive  positive  negative        TP        FP          TN        FN  FDR       FNR  sens       FPR  qvalue  svalue
95  0.081633                 0.05       5.0      95.0 -3.163265  8.163265   91.836731  3.163265  1.0  0.033298   0.0  0.081633     1.0     1.0
96  0.061224                 0.04       4.0      96.0 -2.122449  6.122449   93.877548  2.122449  1.0  0.022109   0.0  0.061224     1.0     1.0
97  0.040816                 0.03       3.0      97.0 -1.081633  4.081633   95.918365  1.081633  1.0  0.011151   0.0  0.040816     1.0     1.0
98  0.020408                 0.02       2.0      98.0 -0.040816  2.040816   97.959183  0.040816  1.0  0.000416   0.0  0.020408     1.0     1.0
99  0.000000                 0.01       1.0      99.0  1.000000  0.000000  100.000000 -1.000000  0.0  0.000000   1.0  0.000000     0.0     1.0
with correction
     pvalue  percentile_positive  positive  negative        TP          FP        TN        FN  FDR  FNR  sens       FPR  qvalue  svalue
0  1.000000                 1.00     100.0       0.0  0.000000  100.000000  0.000000  0.000000  1.0  NaN   NaN  1.000000     1.0     NaN
1  1.000000                 1.00     100.0       0.0  0.000000  100.000000  0.000000  0.000000  1.0  NaN   NaN  1.000000     1.0     NaN
2  0.999998                 0.98      98.0       2.0 -1.999796   99.999794  0.000204  1.999796  1.0  1.0   0.0  0.999998     1.0     1.0
3  0.999996                 0.97      97.0       3.0 -2.999592   99.999596  0.000408  2.999592  1.0  1.0   0.0  0.999996     1.0     1.0
4  0.999994                 0.96      96.0       4.0 -3.999388   99.999390  0.000612  3.999388  1.0  1.0   0.0  0.999994     1.0     1.0
      pvalue  percentile_positive  positive  negative        TP        FP          TN        FN   FDR       FNR  sens       FPR  qvalue  svalue
95  0.081633                 0.05       5.0      95.0 -3.163265  8.163265   91.836731  3.163265  1.00  0.033298   0.0  0.081633    1.00     1.0
96  0.061224                 0.04       4.0      96.0 -2.122449  6.122449   93.877548  2.122449  1.00  0.022109   0.0  0.061224    1.00     1.0
97  0.040816                 0.03       3.0      97.0 -1.081633  4.081633   95.918365  1.081633  1.00  0.011151   0.0  0.040816    1.00     1.0
98  0.020408                 0.02       2.0      98.0 -0.040816  2.040816   97.959183  0.040816  1.00  0.000416   0.0  0.020408    1.00     1.0
99  0.000000                 0.01       1.0      99.0  1.000000  0.000000  100.000000 -1.000000  0.01  0.010000   1.0  0.000000    0.01     1.0
