pyprophet test_data_2.txt test_data_3.txt --random_seed=42 --target.overwrite --multiple_files.merge_results --compute.probabilities
 config settings:
     apply_scorer: None
     apply_weights: None
     compute.probabilities: True
     d_score.cutoff: -1000.0
     delim.in:
     delim.out:
     export.mayu: False
     final_statistics.fdr_all_pg: False
     final_statistics.lambda: 0.4
     ignore.invalid_score_columns: 0
     is_test: 0
     multiple_files.merge_results: True
     num_processes: 1
     out_of_core: 0
     out_of_core.sampling_rate: 0.1
     random_seed: 42
     semi_supervised_learner.initial_fdr: 0.15
     semi_supervised_learner.initial_lambda: 0.4
     semi_supervised_learner.iteration_fdr: 0.02
     semi_supervised_learner.iteration_lambda: 0.4
     semi_supervised_learner.num_iter: 5
     semi_supervised_learner.stat_best: 0
     semi_supervised_learner.use_best: 0
     target.compress_results: 0
     target.dir: None
     target.overwrite: 1
     target.prefix: None
     xeval.fraction: 0.5
     xeval.num_iter: 5
 process test_data_2.txt, test_data_3.txt
 learn and apply classifier from input data
 data set contains 387 decoy and 387 target transition groups
 data set contains 387 decoy and 387 target transition groups
 summary input file:
    18330 lines
    774 transition groups
    17 scores including main score
 learn and apply scorer
 start 5 cross evals using 1 processes
 start learn_randomized
 end learn_randomized
 start learn_randomized
 end learn_randomized
 start learn_randomized
 end learn_randomized
 start learn_randomized
 end learn_randomized
 start learn_randomized
 end learn_randomized
 finished cross evals

 data set contains 387 decoy and 387 target transition groups
 mean m_score = 6.130689e-02, std_dev m_score = 1.658476e-02
 mean s_value = 9.800913e-01, std_dev s_value = 1.125709e-01
 Posterior Probability estimation:
 Estimated number of null 136.67 out of a total of 1930.
 Prior for a peakgroup: 0.102448961516
 Prior for a chromatogram: 0.929188255613
 Estimated number of true chromatograms: 719.191709845 out of 774
 Number of target data: 7020

 data set contains 387 decoy and 387 target transition groups
 mean m_score = 6.130689e-02, std_dev m_score = 1.658476e-02
 mean s_value = 9.800913e-01, std_dev s_value = 1.125709e-01
 Posterior Probability estimation:
 Estimated number of null 136.67 out of a total of 1930.
 Prior for a peakgroup: 0.102448961516
 Prior for a chromatogram: 0.929188255613
 Estimated number of true chromatograms: 719.191709845 out of 774
 Number of target data: 7020

 calculated scoring and statistics
 processing input data finished

used parameters:

    apply_scorer                               : None
    apply_weights                              : None
    compute.probabilities                      : True
    d_score.cutoff                             : -1000.0
    delim.in                                   : '\t'
    delim.out                                  : '\t'
    export.mayu                                : False
    final_statistics.fdr_all_pg                : False
    final_statistics.lambda                    : 0.4
    ignore.invalid_score_columns               : 0
    is_test                                    : 0
    multiple_files.merge_results               : True
    num_processes                              : 1
    out_of_core                                : 0
    out_of_core.sampling_rate                  : 0.1
    random_seed                                : 42
    semi_supervised_learner.initial_fdr        : 0.15
    semi_supervised_learner.initial_lambda     : 0.4
    semi_supervised_learner.iteration_fdr      : 0.02
    semi_supervised_learner.iteration_lambda   : 0.4
    semi_supervised_learner.num_iter           : 5
    semi_supervised_learner.stat_best          : 0
    semi_supervised_learner.use_best           : 0
    target.compress_results                    : 0
    target.dir                                 : None
    target.overwrite                           : 1
    target.prefix                              : None
    xeval.fraction                             : 0.5
    xeval.num_iter                             : 5


==================================================================================================

   qvalue   svalue   TP  FP        TN         FN           FDR      sens    cutoff
0    0.00  0.00223    2   0  54.80829  717.19171  2.450447e-12  0.002781  7.229382
1    0.01  1.00000  720   6  48.80829   -0.80829  8.901026e-03  1.000000  1.680954
2    0.02  1.00000  721  13  41.80829   -1.80829  1.808663e-02  1.000000  1.045573
3    0.05  1.00000  718  38  16.80829    1.19171  4.973925e-02  0.998343 -0.363324
4    0.10  1.00000  721  53   1.80829   -1.80829  6.814126e-02  1.000000 -1.586763
5    0.20      NaN  NaN NaN       NaN        NaN           NaN       NaN       NaN
6    0.30      NaN  NaN NaN       NaN        NaN           NaN       NaN       NaN
7    0.40      NaN  NaN NaN       NaN        NaN           NaN       NaN       NaN
8    0.50      NaN  NaN NaN       NaN        NaN           NaN       NaN       NaN

==================================================================================================

WRITTEN:  test_data__summary_stat.csv
WRITTEN:  test_data__full_stat.csv
WRITTEN:  test_data__with_dscore.csv
WRITTEN:  test_data__with_dscore_filtered.csv
WRITTEN:  test_data__report.pdf
WRITTEN:  test_data__cutoffs.txt
WRITTEN:  test_data__svalues.txt
WRITTEN:  test_data__qvalues.txt
WRITTEN:  test_data__dscores_top_target_peaks.txt
WRITTEN:  test_data__dscores_top_decoy_peaks.txt
WRITTEN:  test_data__scorer.bin
WRITTEN:  test_data__weights.txt


