   qvalue   svalue   TP  FP        TN         FN          FDR     sens   cutoff
0    0.00  0.02166    9   0  16.70984  361.29016  1.45145e-11  0.02431  7.13744
1    0.01  1.00000  374   3  13.70984   -3.70984  6.83275e-03  1.00000 -0.29134
2    0.02  1.00000  371   8   8.70984   -0.70984  2.17886e-02  1.00000 -0.34779
3    0.05  1.00000  373  14   2.70984   -2.70984  3.73491e-02  1.00000 -1.33579
4    0.10      NaN  NaN NaN       NaN        NaN          NaN      NaN      NaN
5    0.20      NaN  NaN NaN       NaN        NaN          NaN      NaN      NaN
6    0.30      NaN  NaN NaN       NaN        NaN          NaN      NaN      NaN
7    0.40      NaN  NaN NaN       NaN        NaN          NaN      NaN      NaN
8    0.50      NaN  NaN NaN       NaN        NaN          NaN      NaN      NaN
  transition_group_id  run_id  decoy  main_var_xx_swath_prelim_score  var_bseries_score  var_elution_model_fit_score  var_intensity_score  var_isotope_correlation_score  \
0            459_run0       0      0                         5.27894                  5                      0.99310              0.93048                        0.99872
1            459_run0       0      0                        -0.13974                  0                      0.95392              0.02593                        0.63251
2            459_run0       0      0                        -0.77504                  0                      0.66667              0.00044                        0.65792
3            459_run0       0      0                        -1.05455                  0                      0.84734              0.00090                        0.79844
4            459_run0       0      0                        -1.24617                  0                     -1.00000              0.00042                        0.56385
5            459_run0       0      0                        -1.27952                  1                      0.93165              0.00561                       -0.04199
6            459_run0       0      0                        -1.81519                  0                      0.93359              0.00048                        0.10477
7            460_run0       0      0                         4.90481                  0                      0.99162              0.92965                        0.99840
8            460_run0       0      0                         1.00013                  0                      0.83671              0.00222                        0.76202
9            460_run0       0      0                         0.26347                  0                      0.88442              0.00256                        0.87136

   var_isotope_overlap_score  var_library_corr       ...         var_massdev_score_weighted  var_norm_rt_score  var_xcorr_coelution  var_xcorr_coelution_weighted  \
0                    0.00000           0.91241       ...                            3.88454            0.00229              0.00000                       0.00000
1                    0.00000          -0.28553       ...                           21.20369            0.01068              1.39668                       0.85918
2                    0.00000           0.37647       ...                            8.32724            0.06011              2.38679                       1.97002
3                    0.25532           0.51872       ...                           17.45621            0.01999              4.39320                       2.78930
4                    0.04545           0.44591       ...                           17.12553            0.05154              1.00000                       1.00000
5                    0.09973          -0.09767       ...                           19.45695            0.01781              2.20849                       1.49087
6                    0.16000          -0.63042       ...                           32.44617            0.08014              1.39696                       0.79970
7                    0.00000           0.75717       ...                            4.43109            0.00229              2.17321                       1.00181
8                    0.38002           0.95673       ...                           11.46203            0.02897              3.54385                       1.31715
9                    0.11310           0.72491       ...                           14.14144            0.05685              2.26786                       1.13988

   var_xcorr_shape  var_xcorr_shape_weighted  var_yseries_score  d_score      m_score  peak_group_rank
0          0.96035                   0.97098                  6  5.54973  8.83676e-09                1
1          0.78918                   0.71640                  0 -1.59305  3.73491e-02                3
2          0.11905                   0.01499                  0 -7.43545  3.73491e-02                7
3          0.32919                   0.33081                  0 -4.75434  3.73491e-02                6
4          0.00000                   0.00000                  0 -0.99465  2.95476e-02                2
5          0.71188                   0.68597                  1 -3.59089  3.73491e-02                4
6          0.76181                   0.74333                  0 -3.69741  3.73491e-02                5
7          0.89531                   0.86789                  5  4.75553  2.13577e-07                1
8          0.66644                   0.63669                  0 -0.57704  2.31656e-02                3
9          0.73043                   0.67627                  0 -1.11036  3.68507e-02                5

[10 rows x 23 columns]
     transition_group_id  run_id  decoy  main_var_xx_swath_prelim_score  var_bseries_score  var_elution_model_fit_score  var_intensity_score  var_isotope_correlation_score  \
9155      DECOY_592_run0       0      1                        -0.90975                  0                      0.82310              0.01260                       -0.14731
9156      DECOY_592_run0       0      1                        -0.95687                  0                     -1.00000              0.00238                        0.26694
9157      DECOY_592_run0       0      1                        -1.52418                  0                     -1.00000              0.00017                       -0.58333
9158      DECOY_592_run0       0      1                        -1.68998                  0                      0.89595              0.00855                        0.54665
9159      DECOY_592_run0       0      1                        -1.69213                  0                      0.95849              0.00630                       -0.32875
9160      DECOY_592_run0       0      1                        -1.84945                  0                      0.63384              0.00562                        0.37159
9161      DECOY_592_run0       0      1                        -2.10957                  0                      0.90645              0.00528                        0.22376
9162      DECOY_592_run0       0      1                        -2.31561                  0                      0.90520              0.00289                        0.13766
9163      DECOY_592_run0       0      1                        -2.53264                  0                      0.98035              0.00664                        0.07456
9164      DECOY_592_run0       0      1                        -3.44063                  0                     -1.00000              0.00102                        0.03395

      var_isotope_overlap_score  var_library_corr       ...         var_massdev_score_weighted  var_norm_rt_score  var_xcorr_coelution  var_xcorr_coelution_weighted  \
9155                    0.22973           0.77838       ...                           14.97822            0.06978              3.94539                       2.00615
9156                    0.00000          -0.09695       ...                            7.57953            0.05163              1.00000                       1.00000
9157                    0.00000          -0.05855       ...                            2.60456            0.03972              1.00000                       1.00000
9158                    0.60159          -0.18902       ...                           24.85419            0.06425              2.06935                       1.14626
9159                    0.18919          -0.48222       ...                           16.67180            0.02984              1.28809                       0.79183
9160                    0.00000          -0.37177       ...                           21.74159            0.01848              2.61135                       2.02040
9161                    0.06452          -0.25551       ...                           32.35556            0.08461              1.07778                       0.59839
9162                    0.00000           0.87698       ...                           36.06113            0.07147              3.43238                       2.17985
9163                    0.20513           0.21686       ...                           35.92281            0.07867              1.87133                       0.90860
9164                    0.33333           0.08374       ...                           26.13394            0.06447              1.00000                       1.00000

      var_xcorr_shape  var_xcorr_shape_weighted  var_yseries_score  d_score  m_score  peak_group_rank
9155          0.60401                   0.54118                  2 -3.74148  0.03735               12
9156          0.00000                   0.00000                  0 -0.62047  0.02317                2
9157          0.00000                   0.00000                  0 -4.54055  0.03735               15
9158          0.78519                   0.76480                  0 -3.12732  0.03735                9
9159          0.80314                   0.76801                  0 -2.97368  0.03735                8
9160          0.55597                   0.33088                  0 -3.65461  0.03735               11
9161          0.89342                   0.89034                  0 -1.52917  0.03735                4
9162          0.53993                   0.44767                  0 -5.10635  0.03735               16
9163          0.73639                   0.70880                  0 -4.08470  0.03735               14
9164          0.00000                   0.00000                  0 -3.46694  0.03735               10

[10 rows x 23 columns]
