                            transition_group_id  decoy               run_id                         filename        RT   assay_rt  delta_rt       iRT  assay_iRT  delta_iRT              ...               rightWidth  \
0             AAEDFTLLVK(Label:13C(6)15N(2))_87      0 -8670811102654834151  napedro_L120420_010_SW.mzXML.gz  3665.820  3708.4232  -42.6032   57.5579       58.9    -1.3421              ...                3698.1001   
1        AAGASAQVLGQEGK(Label:13C(6)15N(2))_257      0 -8670811102654834151  napedro_L120420_010_SW.mzXML.gz  1521.110  1503.3343   17.7757   -4.6303       -5.3     0.6697              ...                1537.4000   
2     AASEIATAELAPTHPIR(Label:13C(6)15N(4))_235      0 -8670811102654834151  napedro_L120420_010_SW.mzXML.gz  2754.990  2767.3108  -12.3208   31.1474       31.5    -0.3526              ...                2774.2600   
3          AAVPVLVHPAPR(Label:13C(6)15N(4))_279      0 -8670811102654834151  napedro_L120420_010_SW.mzXML.gz  2370.160  2358.5846   11.5754   19.9887       19.6     0.3887              ...                2390.7800   
4            ADDYTYEHLR(Label:13C(6)15N(4))_132      0 -8670811102654834151  napedro_L120420_010_SW.mzXML.gz  1743.790  1850.2388 -106.4488    1.8266        4.8    -2.9734              ...                1759.3101   
5            ADHSGAVVLLK(Label:13C(6)15N(2))_67      0 -8670811102654834151  napedro_L120420_010_SW.mzXML.gz  1973.120  2025.4137  -52.2937    8.4762        9.9    -1.4238              ...                1997.9800   
6          ADLPAFAELLAR(Label:13C(6)15N(4))_280      0 -8670811102654834151  napedro_L120420_010_SW.mzXML.gz  5272.980  5288.3950  -15.4150  104.1591      104.9    -0.7409              ...                5299.5298   
7          ADSTGTLVITDPTR(Label:13C(6)15N(4))_0      0 -8670811102654834151  napedro_L120420_010_SW.mzXML.gz  2661.550  2595.5788   65.9712   28.4379       26.5     1.9379              ...                2705.3701   
8         ADTLTAQELQQFK(Label:13C(6)15N(2))_321      0 -8670811102654834151  napedro_L120420_010_SW.mzXML.gz  3271.970  3323.7379  -51.7679   46.1377       47.7    -1.5623              ...                3296.0701   
9           AEVAALAAENK(Label:13C(6)15N(2))_322      0 -8670811102654834151  napedro_L120420_010_SW.mzXML.gz  1700.970  1695.6752    5.2948    0.5851        0.3     0.2851              ...                1724.7600   
10            AFSYYGPLR(Label:13C(6)15N(4))_142      0 -8670811102654834151  napedro_L120420_010_SW.mzXML.gz  3090.390  3193.2170 -102.8270   40.8726       43.9    -3.0274              ...                3121.0500   
11        AGPDGTLFVVDAYK(Label:13C(6)15N(2))_53      0 -8670811102654834151  napedro_L120420_010_SW.mzXML.gz  3916.010  3931.6844  -15.6744   64.8123       65.4    -0.5877              ...                3961.6799   
12       AIDYVEATANSHSR(Label:13C(6)15N(4))_323      0 -8670811102654834151  napedro_L120420_010_SW.mzXML.gz  1788.900  1853.6785  -64.7785    3.1345        4.9    -1.7655              ...                1811.0300   
13           AITTQNVNTK(Label:13C(6)15N(2))_182      0 -8670811102654834151  napedro_L120420_010_SW.mzXML.gz   962.567   915.9974   46.5696  -20.8258      -22.4     1.5742              ...                 984.0450   
14          ALGYEDATQALGR(Label:13C(6)15N(4))_1      0 -8670811102654834151  napedro_L120420_010_SW.mzXML.gz  2915.460  2949.3521  -33.8921   35.8003       36.8    -0.9997              ...                2947.5500   
15             ALLASYHR(Label:13C(6)15N(4))_281      0 -8670811102654834151  napedro_L120420_010_SW.mzXML.gz  1554.110  1644.1577  -90.0477   -3.6734       -1.2    -2.4734              ...                1574.2400   
16    ANIQFGDDGTTISAVSNK(Label:13C(6)15N(2))_88      0 -8670811102654834151  napedro_L120420_010_SW.mzXML.gz  3104.450  3086.7370   17.7130   41.2804       40.8     0.4804              ...                3129.4099   
17            ANLGAYFNR(Label:13C(6)15N(4))_162      0 -8670811102654834151  napedro_L120420_010_SW.mzXML.gz  2736.790  2866.9167 -130.1267   30.6197       34.4    -3.7803              ...                2762.4900   
18            ANLIPVIAK(Label:13C(6)15N(2))_304      0 -8670811102654834151  napedro_L120420_010_SW.mzXML.gz  3319.490  3292.8250   26.6650   47.5156       46.8     0.7156              ...                3339.2300   
19          APIPTALDTDSSK(Label:13C(6)15N(2))_2      0 -8670811102654834151  napedro_L120420_010_SW.mzXML.gz  2401.280  2341.4023   59.8777   20.8913       19.1     1.7913              ...                2428.5400   
20      APIYGTQNVYEVLDK(Label:13C(6)15N(2))_305      0 -8670811102654834151  napedro_L120420_010_SW.mzXML.gz  3914.820  3948.8558  -34.0358   64.7778       65.9    -1.1222              ...                3941.7100   
21         APPPGGWPLQPR(Label:13C(6)15N(4))_143      0 -8670811102654834151  napedro_L120420_010_SW.mzXML.gz  3047.460  3076.4339  -28.9739   39.6279       40.5    -0.8721              ...                3090.7300   
22           APQALDILER(Label:13C(6)15N(4))_258      0 -8670811102654834151  napedro_L120420_010_SW.mzXML.gz  3419.120  3467.9934  -48.8734   50.4045       51.9    -1.4955              ...                3448.8899   
23         AQAANQQTVEAK(Label:13C(6)15N(2))_206      0 -8670811102654834151  napedro_L120420_010_SW.mzXML.gz   624.310   579.3944   44.9156  -30.6339      -32.2     1.5661              ...                 636.1320   
24            AQLTVSSER(Label:13C(6)15N(4))_207      0 -8670811102654834151  napedro_L120420_010_SW.mzXML.gz  1199.890  1201.0803   -1.1903  -13.9444      -14.1     0.1556              ...                1215.9800   
25          AVDLIDEASSK(Label:13C(6)15N(2))_163      0 -8670811102654834151  napedro_L120420_010_SW.mzXML.gz  2461.080  2461.6199   -0.5399   22.6252       22.6     0.0252              ...                2482.8601   
26          AVTAAVESIQK(Label:13C(6)15N(2))_164      0 -8670811102654834151  napedro_L120420_010_SW.mzXML.gz  1944.530  1936.1117    8.4183    7.6472        7.3     0.3472              ...                1960.4301   
27          DAALQDVSDSEK(Label:13C(6)15N(2))_89      0 -8670811102654834151  napedro_L120420_010_SW.mzXML.gz  1653.990  1609.8075   44.1825   -0.7772       -2.2     1.4228              ...                1670.5500   
28            DATLVNEADK(Label:13C(6)15N(2))_21      0 -8670811102654834151  napedro_L120420_010_SW.mzXML.gz  1494.960  1431.2009   63.7591   -5.3884       -7.4     2.0116              ...                1523.3400   
29            DFDSLGTLR(Label:13C(6)15N(4))_282      0 -8670811102654834151  napedro_L120420_010_SW.mzXML.gz  3128.080  3138.2644  -10.1844   41.9654       42.3    -0.3346              ...                3151.6699   
..                                          ...    ...                  ...                              ...       ...        ...       ...       ...        ...        ...              ...                      ...   
70      EVAQNNGQILFVGTK(Label:13C(6)15N(2))_214      0 -8670811102654834151  napedro_L120420_010_SW.mzXML.gz  3128.240  3138.2661  -10.0261   41.9700       42.3    -0.3300              ...                3156.3101   
71           EVSSATNALR(Label:13C(6)15N(4))_147      0 -8670811102654834151  napedro_L120420_010_SW.mzXML.gz  1322.220  1290.3834   31.8366  -10.3973      -11.5     1.1027              ...                1342.4000   
72        EYTEGVNGQPSIR(Label:13C(6)15N(4))_326      0 -8670811102654834151  napedro_L120420_010_SW.mzXML.gz  1931.070  1901.7658   29.3042    7.2568        6.3     0.9568              ...                1971.3800   
73          FATSDLNDLYR(Label:13C(6)15N(4))_167      0 -8670811102654834151  napedro_L120420_010_SW.mzXML.gz  3372.480  3395.8665  -23.3865   49.0521       49.8    -0.7479              ...                3394.6699   
74           FDTHEYHDESR(Label:13C(6)15N(4))_23      0 -8670811102654834151  napedro_L120420_010_SW.mzXML.gz  1030.590  1080.8662  -50.2762  -18.8535      -17.6    -1.2535              ...                1056.3500   
75        FGHFTGFDSSTLK(Label:13C(6)15N(2))_117      0 -8670811102654834151  napedro_L120420_010_SW.mzXML.gz  3089.110  3210.3884 -121.2784   40.8356       44.4    -3.5644              ...                3115.0400   
76         FGTEIITETVSK(Label:13C(6)15N(2))_236      0 -8670811102654834151  napedro_L120420_010_SW.mzXML.gz  3324.720  3330.6117   -5.8917   47.6671       47.9    -0.2329              ...                3377.6001   
77             FIDSTFLEQK(Label:13C(6)15N(2))_8      0 -8670811102654834151  napedro_L120420_010_SW.mzXML.gz  3434.050  3461.1255  -27.0755   50.8374       51.7    -0.8626              ...                3462.7400   
78            FINYDQTVSR(Label:13C(6)15N(4))_24      0 -8670811102654834151  napedro_L120420_010_SW.mzXML.gz  2248.720  2296.7529  -48.0329   16.4676       17.8    -1.3324              ...                2271.3999   
79               FLDDTYK(Label:13C(6)15N(2))_25      0 -8670811102654834151  napedro_L120420_010_SW.mzXML.gz  1982.550  1884.5861   97.9639    8.7497        5.8     2.9497              ...                2011.2300   
80         FLEPYDDSIQAQK(Label:13C(6)15N(2))_26      0 -8670811102654834151  napedro_L120420_010_SW.mzXML.gz  2945.770  2935.6100   10.1600   36.6793       36.4     0.2793              ...                2975.2700   
81       FPSPVSHADDLYGK(Label:13C(6)15N(2))_237      0 -8670811102654834151  napedro_L120420_010_SW.mzXML.gz  2735.950  2770.7504  -34.8004   30.5952       31.6    -1.0048              ...                2773.7500   
82            FSGADDTDFR(Label:13C(6)15N(4))_93      0 -8670811102654834151  napedro_L120420_010_SW.mzXML.gz  1928.530  1963.5884  -35.0584    7.1832        8.1    -0.9168              ...                1946.7700   
83            FSGVDDTDFR(Label:13C(6)15N(4))_94      0 -8670811102654834151  napedro_L120420_010_SW.mzXML.gz  2495.380  2468.4929   26.8871   23.6196       22.8     0.8196              ...                2513.5801   
84       FSQAGSEVSALLGR(Label:13C(6)15N(4))_168      0 -8670811102654834151  napedro_L120420_010_SW.mzXML.gz  3715.510  3808.0315  -92.5215   58.9986       61.8    -2.8014              ...                3736.2600   
85         FSTEEEVDYVVK(Label:13C(6)15N(2))_327      0 -8670811102654834151  napedro_L120420_010_SW.mzXML.gz  3148.430  3196.6541  -48.2241   42.5555       44.0    -1.4445              ...                3173.0701   
86        FVDSTGYLTEAEK(Label:13C(6)15N(2))_118      0 -8670811102654834151  napedro_L120420_010_SW.mzXML.gz  2860.620  2877.2250  -16.6050   34.2101       34.7    -0.4899              ...                2879.4800   
87            FWLVEGDSSR(Label:13C(6)15N(4))_27      0 -8670811102654834151  napedro_L120420_010_SW.mzXML.gz  3484.380  3588.2076 -103.8276   52.2968       55.4    -3.1032              ...                3513.9500   
88           GAFVDAHLLK(Label:13C(6)15N(2))_215      0 -8670811102654834151  napedro_L120420_010_SW.mzXML.gz  2786.020  2860.0468  -74.0268   32.0472       34.2    -2.1528              ...                2806.9700   
89           GAIAAAHYIR(Label:13C(6)15N(4))_328      0 -8670811102654834151  napedro_L120420_010_SW.mzXML.gz  1793.180  1881.1502  -87.9702    3.2588        5.7    -2.4412              ...                1813.5300   
90         GAQEDGTGQATSR(Label:13C(6)15N(4))_57      0 -8670811102654834151  napedro_L120420_010_SW.mzXML.gz   420.401   442.0055  -21.6045  -36.5465      -36.2    -0.3465              ...                 434.7120   
91       GDLFTQQQLEVLDR(Label:13C(6)15N(4))_188      0 -8670811102654834151  napedro_L120420_010_SW.mzXML.gz  4197.280  4213.3264  -16.0464   72.9681       73.6    -0.6319              ...                4221.5400   
92         GDSSLLLAVTEVK(Label:13C(6)15N(2))_28      0 -8670811102654834151  napedro_L120420_010_SW.mzXML.gz  4287.900  4306.0721  -18.1721   75.5955       76.3    -0.7045              ...                4319.8398   
93         GDVQAVAYEEPK(Label:13C(6)15N(2))_189      0 -8670811102654834151  napedro_L120420_010_SW.mzXML.gz  1917.320  1908.6288    8.6912    6.8583        6.5     0.3583              ...                1936.9301   
94       GENIPEPGIPESFK(Label:13C(6)15N(2))_286      0 -8670811102654834151  napedro_L120420_010_SW.mzXML.gz  3455.420  3454.2616    1.1584   51.4569       51.5    -0.0431              ...                3473.6001   
95             GFDATYHVR(Label:13C(6)15N(4))_95      0 -8670811102654834151  napedro_L120420_010_SW.mzXML.gz  1750.750  1819.3275  -68.5775    2.0284        3.9    -1.8716              ...                1769.1400   
96  GFTPDGPAGTEPNIAPGYK(Label:13C(6)15N(2))_169      0 -8670811102654834151  napedro_L120420_010_SW.mzXML.gz  3075.750  3038.6533   37.0967   40.4482       39.4     1.0482              ...                3095.3701   
97           GGNFGFGDSR(Label:13C(6)15N(4))_149      0 -8670811102654834151  napedro_L120420_010_SW.mzXML.gz  1984.570  2094.1085 -109.5385    8.8082       11.9    -3.0918              ...                2011.4301   
98          GHFYYDISDVR(Label:13C(6)15N(4))_134      0 -8670811102654834151  napedro_L120420_010_SW.mzXML.gz  2889.390  3038.6590 -149.2690   35.0443       39.4    -4.3557              ...                2913.4099   
99         GIAASDGVAVAK(Label:13C(6)15N(2))_263      0 -8670811102654834151  napedro_L120420_010_SW.mzXML.gz  1715.560  1637.2919   78.2681    1.0079       -1.4     2.4079              ...                1735.0000   

   ms1_pep ms2_pep  precursor_pep     ipf_pep  peak_group_rank  d_score  ms2_m_score     m_score                   ProteinName  
0   0.0003  0.0029     8.5418e-09  0.0000e+00                1   5.4135       0.0033  0.0000e+00           AQUA4SWATH_HMLangeE  
1   0.0003  0.0029     6.9818e-10  0.0000e+00                1   5.8350       0.0033  0.0000e+00               AQUA4SWATH_Spyo  
2   0.0003  0.0029     6.9818e-10  0.0000e+00                1   5.8543       0.0033  0.0000e+00       AQUA4SWATH_PombeSchmidt  
3   0.0003  0.0029     2.7819e-09  0.0000e+00                1   5.2709       0.0033  0.0000e+00       AQUA4SWATH_Tuberculosis  
4   0.0003  0.0029     6.9818e-10  0.0000e+00                1   5.1425       0.0033  0.0000e+00           AQUA4SWATH_HMLangeG  
5   0.0962  0.0250     2.5446e-05  0.0000e+00                1   3.9826       0.0061  0.0000e+00           AQUA4SWATH_HMLangeD  
6   0.0003  0.0029     6.9818e-10  0.0000e+00                1   5.6733       0.0033  0.0000e+00       AQUA4SWATH_Tuberculosis  
7   0.0003  0.0029     5.3494e-09  0.0000e+00                1   5.5783       0.0033  0.0000e+00           AQUA4SWATH_HMLangeA  
8   0.0003  0.0029     6.9818e-10  0.0000e+00                1   5.7200       0.0033  0.0000e+00             AQUA4SWATH_YeastB  
9   0.0003  0.0029     1.0812e-08  0.0000e+00                1   5.8819       0.0033  0.0000e+00             AQUA4SWATH_YeastB  
10  0.0796  0.0250     1.2776e-03  1.6909e-13                1   3.8367       0.0061  1.2126e-15       AQUA4SWATH_HumanEbhardt  
11  0.0003  0.0029     6.9818e-10  0.0000e+00                1   5.6510       0.0033  0.0000e+00           AQUA4SWATH_HMLangeC  
12  0.0003  0.0029     6.9818e-10  0.0000e+00                1   5.4126       0.0033  0.0000e+00             AQUA4SWATH_YeastB  
13  0.0003  0.0029     4.0628e-08  0.0000e+00                1   4.6919       0.0033  0.0000e+00        AQUA4SWATH_MouseSabido  
14  0.0003  0.0029     6.9818e-10  0.0000e+00                1   5.5301       0.0033  0.0000e+00           AQUA4SWATH_HMLangeA  
15  0.0003  0.0250     9.4250e-08  0.0000e+00                1   3.9695       0.0061  0.0000e+00       AQUA4SWATH_Tuberculosis  
16  0.0003  0.0029     5.3494e-09  0.0000e+00                1   5.2886       0.0033  0.0000e+00           AQUA4SWATH_HMLangeE  
17  0.0008  0.0029     2.0494e-07  0.0000e+00                1   4.6052       0.0033  0.0000e+00              AQUA4SWATH_Lepto  
18  0.0003  0.0029     4.6823e-08  0.0000e+00                1   5.0764       0.0033  0.0000e+00             AQUA4SWATH_YeastA  
19  0.0003  0.0029     1.0812e-08  0.0000e+00                1   5.2974       0.0033  0.0000e+00           AQUA4SWATH_HMLangeA  
20  0.0003  0.0029     6.9818e-10  0.0000e+00                1   5.3387       0.0033  0.0000e+00             AQUA4SWATH_YeastA  
21  0.0003  0.0029     6.6123e-08  0.0000e+00                1   5.1235       0.0033  0.0000e+00       AQUA4SWATH_HumanEbhardt  
22  0.0003  0.0029     1.5210e-09  0.0000e+00                1   5.3607       0.0033  0.0000e+00               AQUA4SWATH_Spyo  
23  0.0003  0.0029     8.5418e-09  0.0000e+00                1   5.3701       0.0033  0.0000e+00  AQUA4SWATH_MycoplasmaSchmidt  
24  0.0003  0.0029     5.3494e-09  0.0000e+00                1   5.5264       0.0033  0.0000e+00  AQUA4SWATH_MycoplasmaSchmidt  
25  0.0003  0.0029     1.0812e-08  0.0000e+00                1   4.9209       0.0033  0.0000e+00              AQUA4SWATH_Lepto  
26  0.0003  0.0029     6.4456e-09  0.0000e+00                1   5.8095       0.0033  0.0000e+00              AQUA4SWATH_Lepto  
27  0.0003  0.0029     6.9818e-10  0.0000e+00                1   5.5876       0.0033  0.0000e+00           AQUA4SWATH_HMLangeE  
28  0.0003  0.0029     6.9818e-10  0.0000e+00                1   5.2703       0.0033  0.0000e+00           AQUA4SWATH_HMLangeB  
29  0.0003  0.0029     6.4456e-09  0.0000e+00                1   5.8093       0.0033  0.0000e+00       AQUA4SWATH_Tuberculosis  
..     ...     ...            ...         ...              ...      ...          ...         ...                           ...  
70  0.0003  0.0029     1.0812e-08  0.0000e+00                1   5.0762       0.0033  0.0000e+00  AQUA4SWATH_MycoplasmaSchmidt  
71  0.0003  0.0029     6.9818e-10  0.0000e+00                1   5.6267       0.0033  0.0000e+00       AQUA4SWATH_HumanEbhardt  
72  0.0003  0.0029     2.7819e-09  0.0000e+00                1   5.5460       0.0033  0.0000e+00             AQUA4SWATH_YeastB  
73  0.0008  0.0250     5.3178e-07  0.0000e+00                1   4.1861       0.0061  0.0000e+00              AQUA4SWATH_Lepto  
74  0.0003  0.0029     1.8043e-07  0.0000e+00                1   4.7439       0.0033  0.0000e+00           AQUA4SWATH_HMLangeB  
75  1.0000  0.0250     3.0237e-04  2.2204e-16                1   4.0097       0.0061  2.0040e-18           AQUA4SWATH_HMLangeF  
76  0.0003  0.0029     1.0812e-08  0.0000e+00                1   4.7954       0.0033  0.0000e+00       AQUA4SWATH_PombeSchmidt  
77  0.0003  0.0029     1.2063e-08  0.0000e+00                1   5.0252       0.0033  0.0000e+00           AQUA4SWATH_HMLangeA  
78  0.0003  0.0029     6.4456e-09  0.0000e+00                1   5.3404       0.0033  0.0000e+00           AQUA4SWATH_HMLangeB  
79  0.0003  0.0029     2.4878e-08  0.0000e+00                1   4.6944       0.0033  0.0000e+00           AQUA4SWATH_HMLangeB  
80  0.0003  0.0029     6.9818e-10  0.0000e+00                1   5.3781       0.0033  0.0000e+00           AQUA4SWATH_HMLangeB  
81  0.0003  0.0029     5.3494e-09  0.0000e+00                1   5.0596       0.0033  0.0000e+00       AQUA4SWATH_PombeSchmidt  
82  0.0003  0.0029     5.3494e-09  0.0000e+00                1   5.6136       0.0033  0.0000e+00           AQUA4SWATH_HMLangeE  
83  0.0003  0.0029     8.5418e-09  0.0000e+00                1   5.2962       0.0033  0.0000e+00           AQUA4SWATH_HMLangeE  
84  0.0003  0.0029     8.5418e-09  0.0000e+00                1   5.1799       0.0033  0.0000e+00              AQUA4SWATH_Lepto  
85  0.0003  0.0029     1.2063e-08  0.0000e+00                1   5.0833       0.0033  0.0000e+00             AQUA4SWATH_YeastB  
86  0.0003  0.0029     1.5210e-09  0.0000e+00                1   5.7404       0.0033  0.0000e+00           AQUA4SWATH_HMLangeF  
87  0.0003  0.0029     6.9818e-10  0.0000e+00                1   5.0628       0.0033  0.0000e+00           AQUA4SWATH_HMLangeB  
88  0.0003  0.0029     2.7819e-09  0.0000e+00                1   5.0945       0.0033  0.0000e+00  AQUA4SWATH_MycoplasmaSchmidt  
89  0.0003  0.0029     6.4456e-09  0.0000e+00                1   5.0653       0.0033  0.0000e+00             AQUA4SWATH_YeastB  
90  0.0003  0.0029     6.9818e-10  0.0000e+00                1   5.8467       0.0033  0.0000e+00           AQUA4SWATH_HMLangeC  
91  0.0003  0.0029     1.5210e-09  0.0000e+00                1   5.6321       0.0033  0.0000e+00        AQUA4SWATH_MouseSabido  
92  0.0003  0.0029     1.0812e-08  0.0000e+00                1   5.5058       0.0033  0.0000e+00           AQUA4SWATH_HMLangeB  
93  0.0003  0.0029     6.9818e-10  0.0000e+00                1   6.0272       0.0033  0.0000e+00        AQUA4SWATH_MouseSabido  
94  0.0003  0.0029     1.0812e-08  0.0000e+00                1   5.6107       0.0033  0.0000e+00       AQUA4SWATH_Tuberculosis  
95  0.5393  0.0250     7.8683e-03  1.4455e-13                1   4.1476       0.0061  6.1300e-16           AQUA4SWATH_HMLangeE  
96  0.0003  0.0029     6.9818e-10  0.0000e+00                1   6.0361       0.0033  0.0000e+00              AQUA4SWATH_Lepto  
97  0.0003  0.0029     5.9554e-08  0.0000e+00                1   4.8358       0.0033  0.0000e+00       AQUA4SWATH_HumanEbhardt  
98  0.0003  0.0029     2.4878e-08  0.0000e+00                1   4.6884       0.0033  0.0000e+00           AQUA4SWATH_HMLangeG  
99  0.0003  0.0029     6.4456e-09  0.0000e+00                1   5.6281       0.0033  0.0000e+00               AQUA4SWATH_Spyo  

[100 rows x 29 columns]
