    transition_group_id  decoy               run_id                         filename        RT      iRT                   id         Sequence        FullUniModPeptideName  Charge              ...               \
0                    62      0 -8670811102654834151  napedro_L120420_010_SW.mzXML.gz  1793.450   3.2664 -9211032279639747263       NDHTASILDR       NDHTASILDR(UniMod:267)       2              ...
1                    62      0 -8670811102654834151  napedro_L120420_010_SW.mzXML.gz  1501.410  -5.2016 -4234880459814982975       NDHTASILDR       NDHTASILDR(UniMod:267)       2              ...
2                    62      0 -8670811102654834151  napedro_L120420_010_SW.mzXML.gz  1403.800  -8.0318  5074319589236019980       NDHTASILDR       NDHTASILDR(UniMod:267)       2              ...
3                    62      0 -8670811102654834151  napedro_L120420_010_SW.mzXML.gz  1294.880 -11.1900  7630800275722185721       NDHTASILDR       NDHTASILDR(UniMod:267)       2              ...
4                    62      0 -8670811102654834151  napedro_L120420_010_SW.mzXML.gz  1464.460  -6.2730  9182851156161074378       NDHTASILDR       NDHTASILDR(UniMod:267)       2              ...
5                   265      0 -8670811102654834151  napedro_L120420_010_SW.mzXML.gz  3133.200  42.1141 -9202066408251325127  GLVTAVGDEGGFAPK  GLVTAVGDEGGFAPK(UniMod:259)       2              ...
6                   265      0 -8670811102654834151  napedro_L120420_010_SW.mzXML.gz  2895.870  35.2323 -7051715648279283438  GLVTAVGDEGGFAPK  GLVTAVGDEGGFAPK(UniMod:259)       2              ...
7                   265      0 -8670811102654834151  napedro_L120420_010_SW.mzXML.gz  3080.120  40.5749 -4011786504368683816  GLVTAVGDEGGFAPK  GLVTAVGDEGGFAPK(UniMod:259)       2              ...
8                   265      0 -8670811102654834151  napedro_L120420_010_SW.mzXML.gz  3167.110  43.0971  6902202141370935766  GLVTAVGDEGGFAPK  GLVTAVGDEGGFAPK(UniMod:259)       2              ...
9                   265      0 -8670811102654834151  napedro_L120420_010_SW.mzXML.gz  3002.260  38.3171  8710644462630665440  GLVTAVGDEGGFAPK  GLVTAVGDEGGFAPK(UniMod:259)       2              ...
10                  217      0 -8670811102654834151  napedro_L120420_010_SW.mzXML.gz  2219.430  15.6184 -9194114845888269381       GSIYHEVIGR       GSIYHEVIGR(UniMod:267)       2              ...
11                  217      0 -8670811102654834151  napedro_L120420_010_SW.mzXML.gz  2148.900  13.5732 -7357288894751860213       GSIYHEVIGR       GSIYHEVIGR(UniMod:267)       2              ...
12                  217      0 -8670811102654834151  napedro_L120420_010_SW.mzXML.gz  2335.270  18.9772  -772230253396158581       GSIYHEVIGR       GSIYHEVIGR(UniMod:267)       2              ...
13                  217      0 -8670811102654834151  napedro_L120420_010_SW.mzXML.gz  2108.570  12.4036  3492634330005786789       GSIYHEVIGR       GSIYHEVIGR(UniMod:267)       2              ...
14                  217      0 -8670811102654834151  napedro_L120420_010_SW.mzXML.gz  2246.880  16.4142  3742695645055970200       GSIYHEVIGR       GSIYHEVIGR(UniMod:267)       2              ...
15                  272      0 -8670811102654834151  napedro_L120420_010_SW.mzXML.gz  1904.150   6.4763 -9157656806856886367       QAQELADLTK       QAQELADLTK(UniMod:259)       2              ...
16                  272      0 -8670811102654834151  napedro_L120420_010_SW.mzXML.gz  2103.470  12.2558 -2346263914709906014       QAQELADLTK       QAQELADLTK(UniMod:259)       2              ...
17                  272      0 -8670811102654834151  napedro_L120420_010_SW.mzXML.gz  2386.180  20.4534   327447381333538325       QAQELADLTK       QAQELADLTK(UniMod:259)       2              ...
18                  272      0 -8670811102654834151  napedro_L120420_010_SW.mzXML.gz  2141.640  13.3625   576952020134975495       QAQELADLTK       QAQELADLTK(UniMod:259)       2              ...
19                  272      0 -8670811102654834151  napedro_L120420_010_SW.mzXML.gz  2028.100  10.0705  3578459182009198094       QAQELADLTK       QAQELADLTK(UniMod:259)       2              ...
20                   70      0 -8670811102654834151  napedro_L120420_010_SW.mzXML.gz  2428.790  21.6889 -9154199948799956056       EDQTLHYDFR       EDQTLHYDFR(UniMod:267)       2              ...
21                   70      0 -8670811102654834151  napedro_L120420_010_SW.mzXML.gz  2278.850  17.3411 -4703762267710743240       EDQTLHYDFR       EDQTLHYDFR(UniMod:267)       2              ...
22                   70      0 -8670811102654834151  napedro_L120420_010_SW.mzXML.gz  2315.970  18.4175 -1663362751961992522       EDQTLHYDFR       EDQTLHYDFR(UniMod:267)       2              ...
23                   70      0 -8670811102654834151  napedro_L120420_010_SW.mzXML.gz  2255.260  16.6572 -1639057720165827027       EDQTLHYDFR       EDQTLHYDFR(UniMod:267)       2              ...
24                   70      0 -8670811102654834151  napedro_L120420_010_SW.mzXML.gz  2173.660  14.2911  7624308612559824248       EDQTLHYDFR       EDQTLHYDFR(UniMod:267)       2              ...
25                  181      0 -8670811102654834151  napedro_L120420_010_SW.mzXML.gz  2057.420  10.9206 -9144727983955772280        VGDTVLYGK        VGDTVLYGK(UniMod:259)       2              ...
26                  181      0 -8670811102654834151  napedro_L120420_010_SW.mzXML.gz  2051.650  10.7533 -7502241104084249782        VGDTVLYGK        VGDTVLYGK(UniMod:259)       2              ...
27                  181      0 -8670811102654834151  napedro_L120420_010_SW.mzXML.gz  1987.470   8.8922 -5589929267393629061        VGDTVLYGK        VGDTVLYGK(UniMod:259)       2              ...
28                  181      0 -8670811102654834151  napedro_L120420_010_SW.mzXML.gz  1802.890   3.5402 -1185387038568487267        VGDTVLYGK        VGDTVLYGK(UniMod:259)       2              ...
29                  181      0 -8670811102654834151  napedro_L120420_010_SW.mzXML.gz  1695.070   0.4139  7420908426531792520        VGDTVLYGK        VGDTVLYGK(UniMod:259)       2              ...
..                  ...    ...                  ...                              ...       ...      ...                  ...              ...                          ...     ...              ...
70                   14      0 -8670811102654834151  napedro_L120420_010_SW.mzXML.gz  1423.550  -7.4591 -9059007664292712863        LEDSTAPIR        LEDSTAPIR(UniMod:267)       2              ...
71                   14      0 -8670811102654834151  napedro_L120420_010_SW.mzXML.gz  1604.240  -2.2198  -938668788838332474        LEDSTAPIR        LEDSTAPIR(UniMod:267)       2              ...
72                   14      0 -8670811102654834151  napedro_L120420_010_SW.mzXML.gz  1455.990  -6.5184  2301101510927918633        LEDSTAPIR        LEDSTAPIR(UniMod:267)       2              ...
73                   14      0 -8670811102654834151  napedro_L120420_010_SW.mzXML.gz  1518.000  -4.7206  3700650458871096740        LEDSTAPIR        LEDSTAPIR(UniMod:267)       2              ...
74                   14      0 -8670811102654834151  napedro_L120420_010_SW.mzXML.gz  1652.460  -0.8217  6344853824089971831        LEDSTAPIR        LEDSTAPIR(UniMod:267)       2              ...
75                   96      0 -8670811102654834151  napedro_L120420_010_SW.mzXML.gz  1118.090 -16.3163 -9055393377942254337       GSPADVTEAR       GSPADVTEAR(UniMod:267)       2              ...
76                   96      0 -8670811102654834151  napedro_L120420_010_SW.mzXML.gz  1004.770 -19.6021 -8346754622708001860       GSPADVTEAR       GSPADVTEAR(UniMod:267)       2              ...
77                   96      0 -8670811102654834151  napedro_L120420_010_SW.mzXML.gz  1273.380 -11.8136  1541476039860483890       GSPADVTEAR       GSPADVTEAR(UniMod:267)       2              ...
78                   96      0 -8670811102654834151  napedro_L120420_010_SW.mzXML.gz  1066.150 -17.8222  2400982934868877931       GSPADVTEAR       GSPADVTEAR(UniMod:267)       2              ...
79                   96      0 -8670811102654834151  napedro_L120420_010_SW.mzXML.gz   911.233 -22.3143  2940149381493475380       GSPADVTEAR       GSPADVTEAR(UniMod:267)       2              ...
80                  131      0 -8670811102654834151  napedro_L120420_010_SW.mzXML.gz  3242.460  45.2820 -9021259933716013649    YGEDDSLSVEGFR    YGEDDSLSVEGFR(UniMod:267)       2              ...
81                  131      0 -8670811102654834151  napedro_L120420_010_SW.mzXML.gz  3111.160  41.4749 -8351180364904779594    YGEDDSLSVEGFR    YGEDDSLSVEGFR(UniMod:267)       2              ...
82                  131      0 -8670811102654834151  napedro_L120420_010_SW.mzXML.gz  3208.960  44.3105   768297478442812037    YGEDDSLSVEGFR    YGEDDSLSVEGFR(UniMod:267)       2              ...
83                  131      0 -8670811102654834151  napedro_L120420_010_SW.mzXML.gz  3158.700  42.8532  6407200417721107404    YGEDDSLSVEGFR    YGEDDSLSVEGFR(UniMod:267)       2              ...
84                  131      0 -8670811102654834151  napedro_L120420_010_SW.mzXML.gz  3066.660  40.1845  7487580606358460087    YGEDDSLSVEGFR    YGEDDSLSVEGFR(UniMod:267)       2              ...
85                   71      0 -8670811102654834151  napedro_L120420_010_SW.mzXML.gz  3967.850  66.3155 -9009602369958523731   EDTSDPSLVIAFGR   EDTSDPSLVIAFGR(UniMod:267)       2              ...
86                   71      0 -8670811102654834151  napedro_L120420_010_SW.mzXML.gz  4116.240  70.6181 -6890785432554378217   EDTSDPSLVIAFGR   EDTSDPSLVIAFGR(UniMod:267)       2              ...
87                   71      0 -8670811102654834151  napedro_L120420_010_SW.mzXML.gz  4021.150  67.8609 -6668645664840109402   EDTSDPSLVIAFGR   EDTSDPSLVIAFGR(UniMod:267)       2              ...
88                   71      0 -8670811102654834151  napedro_L120420_010_SW.mzXML.gz  3771.610  60.6253 -1047584493494075079   EDTSDPSLVIAFGR   EDTSDPSLVIAFGR(UniMod:267)       2              ...
89                   71      0 -8670811102654834151  napedro_L120420_010_SW.mzXML.gz  3725.820  59.2975  3035278686183629624   EDTSDPSLVIAFGR   EDTSDPSLVIAFGR(UniMod:267)       2              ...
90                  204      0 -8670811102654834151  napedro_L120420_010_SW.mzXML.gz  2604.660  26.7884 -9007359722327165177        VHQLLPLPK        VHQLLPLPK(UniMod:259)       2              ...
91                  204      0 -8670811102654834151  napedro_L120420_010_SW.mzXML.gz  2819.680  33.0230 -2367318529674484651        VHQLLPLPK        VHQLLPLPK(UniMod:259)       2              ...
92                  204      0 -8670811102654834151  napedro_L120420_010_SW.mzXML.gz  2640.830  27.8371  1310957794740711313        VHQLLPLPK        VHQLLPLPK(UniMod:259)       2              ...
93                  204      0 -8670811102654834151  napedro_L120420_010_SW.mzXML.gz  2747.080  30.9179  2141542266025178292        VHQLLPLPK        VHQLLPLPK(UniMod:259)       2              ...
94                  204      0 -8670811102654834151  napedro_L120420_010_SW.mzXML.gz  3012.420  38.6119  6871485036898857740        VHQLLPLPK        VHQLLPLPK(UniMod:259)       2              ...
95                  135      0 -8670811102654834151  napedro_L120420_010_SW.mzXML.gz  3450.820  51.3237 -8996549450139056933       HFDTSLVFPR       HFDTSLVFPR(UniMod:267)       2              ...
96                  135      0 -8670811102654834151  napedro_L120420_010_SW.mzXML.gz  3216.030  44.5156 -8375591905295297112       HFDTSLVFPR       HFDTSLVFPR(UniMod:267)       2              ...
97                  135      0 -8670811102654834151  napedro_L120420_010_SW.mzXML.gz  3421.100  50.4620 -2963671952181608528       HFDTSLVFPR       HFDTSLVFPR(UniMod:267)       2              ...
98                  135      0 -8670811102654834151  napedro_L120420_010_SW.mzXML.gz  3382.230  49.3347   547757232529279162       HFDTSLVFPR       HFDTSLVFPR(UniMod:267)       2              ...
99                  135      0 -8670811102654834151  napedro_L120420_010_SW.mzXML.gz  3258.590  45.7498  1332014997316781385       HFDTSLVFPR       HFDTSLVFPR(UniMod:267)       2              ...

                                       aggr_peak_area                                     aggr_peak_apex                           aggr_fragment_annotation  assay_rt  delta_rt  leftWidth rightWidth  d_score  m_score  \
0   2210.0;3135.0;3623.0;4950.0;332.0;401.0;16989....  171.0;272.0;244.0;897.0;20.0;30.0;398.0;316.0;...  3050;3055;3065;3060;3057;3067;3051;3059;3069;3...      -4.6  266.0700  1769.3500  1803.4900  -1.4447   0.5103
1   1344.0;1568.0;1776.0;1291.0;270.0;463.0;1031.0...  303.0;201.0;212.0;110.0;20.0;60.0;212.0;222.0;...  3050;3055;3065;3060;3057;3067;3051;3059;3069;3...      -4.6  -25.9713  1496.2300  1513.3000  -0.7339   0.5103
2   1313.0;2425.0;1020.0;1404.0;241.0;635.0;1507.0...  140.0;292.0;132.0;335.0;40.0;112.0;295.0;428.0...  3050;3055;3065;3060;3057;3067;3051;3059;3069;3...      -4.6 -123.5782  1380.1600  1407.4700   0.2041   0.5103
3   1913.0;3147.0;2230.0;1401.0;210.0;1170.0;2552....  -1.0;-1.0;-1.0;-1.0;-1.0;-1.0;-1.0;-1.0;-1.0;-...  3050;3055;3065;3060;3057;3067;3051;3059;3069;3...      -4.6 -232.4951  1294.8101  1325.5400  -1.6059   0.5103
4   13392.0;8895.0;3212.0;7900.0;301.0;17823.0;796...  2364.0;979.0;264.0;1183.0;20.0;3817.0;1256.0;9...  3050;3055;3065;3060;3057;3067;3051;3059;3069;3...      -4.6  -62.9201  1448.4399  1489.4000   4.9926   0.0033
5   11509.0;11737.0;11938.0;131.0;290.0;3924.0;568...  1476.0;1455.0;775.0;0.0;40.0;490.0;705.0;654.0...  8592;8575;8570;8594;8577;8571;8596;8561;8588;8...      43.1  -32.5354  3111.5200  3138.8301   0.9615   0.1391
6   24195.0;22552.0;29170.0;122.0;200.0;104948.0;8...  3916.0;3637.0;5567.0;22.0;30.0;21161.0;767.0;9...  8592;8575;8570;8594;8577;8571;8596;8561;8588;8...      43.1 -269.8700  2879.3799  2916.9299  -2.9244   0.5103
7   6334.0;6311.0;10824.0;50.0;60.0;2581.0;2950.0;...  1131.0;1171.0;2380.0;30.0;10.0;398.0;521.0;449...  8592;8575;8570;8594;8577;8571;8596;8561;8588;8...      43.1  -85.6154  3070.5500  3094.4500   1.0475   0.1187
8   129775.0;128964.0;121269.0;3567.0;300.0;72843....  12649.0;12917.0;14924.0;0.0;20.0;8661.0;736.0;...  8592;8575;8570;8594;8577;8571;8596;8561;8588;8...      43.1    1.3674  3145.6599  3193.4500   5.8499   0.0033
9   12594.0;11033.0;4710.0;180.0;170.0;6205.0;6639...  1599.0;1366.0;563.0;20.0;20.0;734.0;765.0;561....  8592;8575;8570;8594;8577;8571;8596;8561;8588;8...      43.1 -163.4833  2992.0300  3029.5901  -0.2609   0.5103
10  3771.0;281.0;2430.0;4435.0;10154.0;8280.0;1443...  693.0;40.0;831.0;621.0;1833.0;1344.0;263.0;110...  7238;7242;7233;7229;7244;7235;7239;7237;7246;7...      16.1  -18.9304  2216.4700  2236.9500  -2.3073   0.5103
11  1855.0;552.0;261.0;3917.0;7868.0;4742.0;1665.0...  285.0;101.0;50.0;570.0;1572.0;683.0;300.0;233....  7238;7242;7233;7229;7244;7235;7239;7237;7246;7...      16.1  -89.4633  2134.5300  2155.0200  -1.2406   0.5103
12  4192.0;601.0;935.0;27761.0;12543.0;6783.0;6020...  263.0;0.0;90.0;661.0;573.0;715.0;499.0;80.0;60...  7238;7242;7233;7229;7244;7235;7239;7237;7246;7...      16.1   96.9079  2312.0601  2356.4399  -1.4079   0.5103
13  14798.0;22736.0;702.0;6008.0;21446.0;10348.0;2...  2888.0;4823.0;30.0;681.0;3746.0;347.0;6514.0;2...  7238;7242;7233;7229;7244;7235;7239;7237;7246;7...      16.1 -129.7986  2090.1599  2127.7100   5.0208   0.0033
14  5767.0;762.0;1461.0;14904.0;12468.0;10375.0;22...  552.0;80.0;40.0;1577.0;764.0;548.0;204.0;71.0;...  7238;7242;7233;7229;7244;7235;7239;7237;7246;7...      16.1    8.5169  2226.7100  2267.6799  -0.0682   0.5103
15  7002.0;683.0;4885.0;4548.0;4104.0;5928.0;2997....  1302.0;60.0;593.0;663.0;366.0;1131.0;305.0;51....  8798;8793;8803;8795;8789;8805;8799;8797;8807;8...      14.8 -289.5648  1895.5601  1926.2800  -2.4198   0.5103
16  2499.0;471.0;4324.0;3428.0;4761.0;3165.0;3562....  314.0;60.0;490.0;375.0;644.0;395.0;560.0;121.0...  8798;8793;8803;8795;8789;8805;8799;8797;8807;8...      14.8  -90.2466  2090.1599  2114.0500  -0.2922   0.5103
17  11133.0;1691.0;25521.0;10695.0;11157.0;6441.0;...  1256.0;140.0;1681.0;540.0;398.0;366.0;1583.0;2...  8798;8793;8803;8795;8789;8805;8799;8797;8807;8...      14.8  192.4683  2339.3701  2404.2300  -3.5309   0.5103
18  51687.0;26514.0;9118.0;12084.0;10168.0;10210.0...  8755.0;908.0;643.0;552.0;1291.0;1234.0;10634.0...  8798;8793;8803;8795;8789;8805;8799;8797;8807;8...      14.8  -52.0781  2120.8799  2165.2600   5.5162   0.0033
19  42066.0;782.0;10069.0;8951.0;10253.0;10545.0;1...  8663.0;40.0;960.0;540.0;510.0;592.0;2669.0;110...  8798;8793;8803;8795;8789;8805;8799;8797;8807;8...      14.8 -165.6120  2004.8101  2052.6001  -2.4461   0.5103
20  40.0;8236.0;4023.0;320.0;13066.0;3466.0;7927.0...  0.0;757.0;344.0;40.0;1029.0;316.0;990.0;1649.0...  3304;3300;3314;3316;3306;3311;3301;3318;3308;3...      20.2   49.6052  2408.0601  2452.4399  -1.0488   0.5103
21  240.0;12714.0;9370.0;815.0;12971.0;15115.0;744...  40.0;1926.0;1143.0;162.0;532.0;2549.0;1185.0;8...  3304;3300;3314;3316;3306;3311;3301;3318;3308;3...      20.2 -100.3424  2257.8401  2309.0500   3.9779   0.0061
22  100.0;2313.0;2866.0;301.0;2872.0;2149.0;964.0;...  10.0;232.0;375.0;0.0;314.0;191.0;162.0;224.0;9...  3304;3300;3314;3316;3306;3311;3301;3318;3308;3...      20.2  -63.2192  2302.2200  2326.1201  -0.6878   0.5103
23  181.0;8328.0;3526.0;280.0;13528.0;3349.0;3479....  0.0;1433.0;490.0;10.0;3117.0;439.0;305.0;508.0...  3304;3300;3314;3316;3306;3311;3301;3318;3308;3...      20.2 -123.9258  2227.1201  2257.8401   2.2757   0.0120
24  221.0;10587.0;7298.0;1467.0;12323.0;6851.0;447...  0.0;825.0;562.0;20.0;1301.0;590.0;286.0;417.0;...  3304;3300;3314;3316;3306;3311;3301;3318;3308;3...      20.2 -205.5270  2131.5300  2203.2200  -0.2037   0.5103
25  24122.0;3711.0;15367.0;44701.0;14558.0;4341.0;...  1879.0;192.0;1091.0;1274.0;989.0;222.0;2512.0;...  6341;6345;6348;6353;6347;6355;6342;6340;6349;6...       3.7  244.9606  2035.2300  2079.6101  -2.9587   0.5103
26  22579.0;3227.0;12534.0;42200.0;12795.0;2764.0;...  3013.0;203.0;1152.0;1880.0;999.0;213.0;3098.0;...  6341;6345;6348;6353;6347;6355;6342;6340;6349;6...       3.7  239.1899  2035.2300  2076.1899  -3.3202   0.5103
27  16120.0;1832.0;21735.0;19831.0;21018.0;5536.0;...  1063.0;40.0;1235.0;1775.0;1799.0;508.0;4332.0;...  6341;6345;6348;6353;6347;6355;6342;6340;6349;6...       3.7  175.0063  1963.5300  2024.9800   0.3668   0.2529
28  51008.0;1592.0;168650.0;14742.0;8059.0;18011.0...  9152.0;80.0;31358.0;1021.0;631.0;3102.0;4261.0...  6341;6345;6348;6353;6347;6355;6342;6340;6349;6...       3.7   -9.5719  1782.6000  1820.1500   4.9716   0.0033
29  8200.0;1311.0;6764.0;5399.0;5322.0;2014.0;1421...  655.0;162.0;713.0;611.0;579.0;324.0;2215.0;186...  6341;6345;6348;6353;6347;6355;6342;6340;6349;6...       3.7 -117.3867  1680.1801  1714.3199  -1.8760   0.5103
..                                                ...                                                ...                                                ...       ...       ...        ...        ...      ...      ...
70  896.0;7274.0;7380.0;1026.0;5635.0;3586.0;1794....  141.0;2008.0;1133.0;304.0;1245.0;500.0;326.0;3...  1683;1678;1691;1686;1685;1679;1693;1687;1677;1...      -8.1   16.3873  1407.1700  1427.6500   2.7961   0.0120
71  1246.0;23375.0;16710.0;2208.0;64253.0;12126.0;...  120.0;2797.0;1477.0;263.0;8256.0;375.0;348.0;4...  1683;1678;1691;1686;1685;1679;1693;1687;1677;1...      -8.1  197.0801  1577.8600  1629.0699  -2.4083   0.5103
72  683.0;50953.0;13155.0;92890.0;12675.0;21546.0;...  30.0;12930.0;1709.0;25500.0;927.0;5118.0;1063....  1683;1678;1691;1686;1685;1679;1693;1687;1677;1...      -8.1   48.8315  1441.3000  1472.0300   5.2543   0.0033
73  1710.0;15406.0;19870.0;1576.0;27988.0;8832.0;4...  171.0;1152.0;816.0;100.0;560.0;337.0;101.0;233...  1683;1678;1691;1686;1685;1679;1693;1687;1677;1...      -8.1  110.8344  1509.5800  1560.7900  -0.1591   0.5103
74  512.0;8178.0;16011.0;2084.0;7806.0;8290.0;5290...  20.0;733.0;2071.0;275.0;581.0;763.0;500.0;172....  1683;1678;1691;1686;1685;1679;1693;1687;1677;1...      -8.1  245.2972  1632.4800  1676.8600  -0.4925   0.5103
75  440.0;5053.0;22156.0;6816.0;933.0;5587.0;7833....  0.0;478.0;849.0;416.0;60.0;573.0;1182.0;468.0;...  4022;4015;4018;4024;4017;4011;4026;4028;4019;4...     -19.6  105.9196  1093.0900  1137.4600   1.5284   0.0478
76  1353.0;4108.0;6372.0;14586.0;1044.0;3900.0;342...  264.0;384.0;896.0;1789.0;50.0;365.0;324.0;396....  4022;4015;4018;4024;4017;4011;4026;4028;4019;4...     -19.6   -7.4013   983.8410  1028.2200  -1.5328   0.5103
77  601.0;3846.0;6251.0;6063.0;2679.0;4266.0;1105....  0.0;500.0;841.0;612.0;243.0;510.0;100.0;500.0;...  4022;4015;4018;4024;4017;4011;4026;4028;4019;4...     -19.6  261.2067  1253.5400  1291.0900  -1.6485   0.5103
78  371.0;4043.0;30408.0;9441.0;1505.0;14097.0;305...  40.0;355.0;5742.0;1103.0;90.0;2237.0;48065.0;1...  4022;4015;4018;4024;4017;4011;4026;4028;4019;4...     -19.6   53.9837  1045.2900  1086.2600   5.4166   0.0033
79  360.0;3438.0;6806.0;6440.0;2509.0;2798.0;1076....  10.0;573.0;1274.0;988.0;80.0;451.0;141.0;1509....  4022;4015;4018;4024;4017;4011;4026;4028;4019;4...     -19.6 -100.9363   895.0790   925.8040  -0.0660   0.5103
80  3301.0;271.0;3458.0;81.0;9995.0;2792.0;291.0;1...  786.0;111.0;510.0;10.0;2344.0;540.0;71.0;70.0;...  4982;5002;4998;4987;5004;4989;5006;4983;4991;5...      44.4   32.0673  3234.5200  3261.8301  -0.5442   0.5103
81  32921.0;230.0;9000.0;60.0;12051.0;2834.0;481.0...  1802.0;30.0;693.0;10.0;1675.0;253.0;60.0;0.0;3...  4982;5002;4998;4987;5004;4989;5006;4983;4991;5...      44.4  -99.2309  3094.5500  3135.5200  -1.4023   0.5103
82  7260.0;301.0;17613.0;352.0;16169.0;3712.0;682....  478.0;10.0;1792.0;0.0;787.0;121.0;61.0;273.0;7...  4982;5002;4998;4987;5004;4989;5006;4983;4991;5...      44.4   -1.4354  3183.3101  3234.5200   1.1628   0.1187
83  29778.0;394.0;69571.0;90.0;10429.0;3437.0;858....  4644.0;20.0;13457.0;0.0;498.0;284.0;101.0;4477...  4982;5002;4998;4987;5004;4989;5006;4983;4991;5...      44.4  -51.6951  3135.5200  3183.3101   5.7112   0.0033
84  23371.0;60.0;9312.0;190.0;7635.0;3544.0;643.0;...  704.0;0.0;579.0;10.0;570.0;253.0;130.0;20.0;60...  4982;5002;4998;4987;5004;4989;5006;4983;4991;5...      44.4 -143.7309  3036.5200  3084.3101  -0.3415   0.5103
85  50.0;21136.0;3234.0;6748.0;5276.0;80.0;31736.0...  0.0;3266.0;190.0;549.0;407.0;0.0;4782.0;40.0;1...  3336;3349;3354;3338;3332;3356;3350;3340;3358;3...      65.6   29.2985  3941.3000  3995.9199   5.2326   0.0033
86  70.0;6964.0;10613.0;7616.0;1977.0;1242.0;7949....  0.0;865.0;1530.0;868.0;295.0;110.0;1440.0;10.0...  3336;3349;3354;3338;3332;3356;3350;3340;3358;3...      65.6  177.6855  4091.5100  4122.2300  -1.0085   0.5103
87  60.0;5224.0;1944.0;8874.0;4315.0;80.0;9277.0;2...  0.0;611.0;121.0;1180.0;275.0;0.0;777.0;30.0;47...  3336;3349;3354;3338;3332;3356;3350;3340;3358;3...      65.6   82.5973  4009.5801  4057.3701  -1.8025   0.5103
88  70.0;12171.0;1698.0;6523.0;3030.0;50.0;5388.0;...  0.0;773.0;253.0;458.0;161.0;30.0;519.0;30.0;20...  3336;3349;3354;3338;3332;3356;3350;3340;3358;3...      65.6 -166.9420  3767.1899  3808.1599  -2.2356   0.5103
89  20.0;14034.0;4966.0;6556.0;2520.0;30.0;5572.0;...  0.0;1604.0;191.0;600.0;315.0;0.0;632.0;30.0;13...  3336;3349;3354;3338;3332;3356;3350;3340;3358;3...      65.6 -212.7331  3695.5000  3739.8799  -1.8253   0.5103
90  11310.0;474.0;3216.0;342.0;431.0;220.0;1915.0;...  1132.0;81.0;345.0;0.0;30.0;30.0;194.0;1519.0;2...  6876;6884;6881;6889;6883;6885;6891;6877;6875;6...      33.3 -224.4774  2588.4800  2615.7900  -1.8039   0.5103
91  23296.0;2748.0;3090.0;231.0;280.0;444.0;1061.0...  2890.0;395.0;407.0;50.0;20.0;0.0;193.0;672.0;1...  6876;6884;6881;6889;6883;6885;6891;6877;6875;6...      33.3   -9.4597  2803.5601  2830.8701  -0.7259   0.5103
92  11726.0;741.0;3418.0;320.0;450.0;611.0;3664.0;...  746.0;20.0;294.0;50.0;40.0;50.0;234.0;741.0;31...  6876;6884;6881;6889;6883;6885;6891;6877;6875;6...      33.3 -188.3087  2622.6201  2663.5901  -2.8448   0.5103
93  44284.0;969.0;5406.0;342.0;1204.0;4849.0;8172....  4461.0;84.0;435.0;61.0;183.0;888.0;860.0;6736....  6876;6884;6881;6889;6883;6885;6891;6877;6875;6...      33.3  -82.0616  2721.6201  2776.2500   4.1100   0.0061
94  7365.0;232.0;4335.0;190.0;351.0;682.0;1590.0;7...  1236.0;51.0;315.0;50.0;40.0;91.0;224.0;1255.0;...  6876;6884;6881;6889;6883;6885;6891;6877;6875;6...      33.3  183.2876  2998.1499  3025.4600  -1.8346   0.5103
95  8078.0;250.0;33133.0;806.0;3310.0;6212.0;1583....  632.0;20.0;508.0;50.0;223.0;469.0;201.0;1492.0...  5092;5103;5088;5094;5105;5099;5107;5096;5089;5...      51.5   -3.4354  3442.2600  3479.8201  -0.5597   0.5103
96  8868.0;842.0;12773.0;330.0;5355.0;10872.0;1523...  812.0;121.0;513.0;20.0;265.0;937.0;274.0;754.0...  5092;5103;5088;5094;5105;5099;5107;5096;5089;5...      51.5 -238.2273  3196.4600  3234.0100  -3.3186   0.5103
97  11096.0;260.0;3567.0;180.0;3418.0;4592.0;663.0...  991.0;10.0;397.0;10.0;509.0;519.0;60.0;532.0;3...  5092;5103;5088;5094;5105;5099;5107;5096;5089;5...      51.5  -33.1521  3414.9500  3442.2600   1.1309   0.1187
98  24526.0;6140.0;16048.0;1094.0;18796.0;14167.0;...  1539.0;438.0;550.0;20.0;641.0;489.0;1772.0;449...  5092;5103;5088;5094;5105;5099;5107;5096;5089;5...      51.5  -72.0292  3315.9399  3414.9500  -0.8146   0.5103
99  11886.0;7961.0;6228.0;530.0;8991.0;12403.0;194...  846.0;1345.0;386.0;20.0;815.0;907.0;71.0;305.0...  5092;5103;5088;5094;5105;5099;5107;5096;5089;5...      51.5 -195.6629  3234.0100  3285.2200  -3.2759   0.5103

                     ProteinName
0            AQUA4SWATH_HMLangeC
1            AQUA4SWATH_HMLangeC
2            AQUA4SWATH_HMLangeC
3            AQUA4SWATH_HMLangeC
4            AQUA4SWATH_HMLangeC
5                AQUA4SWATH_Spyo
6                AQUA4SWATH_Spyo
7                AQUA4SWATH_Spyo
8                AQUA4SWATH_Spyo
9                AQUA4SWATH_Spyo
10  AQUA4SWATH_MycoplasmaSchmidt
11  AQUA4SWATH_MycoplasmaSchmidt
12  AQUA4SWATH_MycoplasmaSchmidt
13  AQUA4SWATH_MycoplasmaSchmidt
14  AQUA4SWATH_MycoplasmaSchmidt
15               AQUA4SWATH_Spyo
16               AQUA4SWATH_Spyo
17               AQUA4SWATH_Spyo
18               AQUA4SWATH_Spyo
19               AQUA4SWATH_Spyo
20           AQUA4SWATH_HMLangeD
21           AQUA4SWATH_HMLangeD
22           AQUA4SWATH_HMLangeD
23           AQUA4SWATH_HMLangeD
24           AQUA4SWATH_HMLangeD
25              AQUA4SWATH_Lepto
26              AQUA4SWATH_Lepto
27              AQUA4SWATH_Lepto
28              AQUA4SWATH_Lepto
29              AQUA4SWATH_Lepto
..                           ...
70           AQUA4SWATH_HMLangeA
71           AQUA4SWATH_HMLangeA
72           AQUA4SWATH_HMLangeA
73           AQUA4SWATH_HMLangeA
74           AQUA4SWATH_HMLangeA
75           AQUA4SWATH_HMLangeE
76           AQUA4SWATH_HMLangeE
77           AQUA4SWATH_HMLangeE
78           AQUA4SWATH_HMLangeE
79           AQUA4SWATH_HMLangeE
80           AQUA4SWATH_HMLangeF
81           AQUA4SWATH_HMLangeF
82           AQUA4SWATH_HMLangeF
83           AQUA4SWATH_HMLangeF
84           AQUA4SWATH_HMLangeF
85           AQUA4SWATH_HMLangeD
86           AQUA4SWATH_HMLangeD
87           AQUA4SWATH_HMLangeD
88           AQUA4SWATH_HMLangeD
89           AQUA4SWATH_HMLangeD
90        AQUA4SWATH_MouseSabido
91        AQUA4SWATH_MouseSabido
92        AQUA4SWATH_MouseSabido
93        AQUA4SWATH_MouseSabido
94        AQUA4SWATH_MouseSabido
95           AQUA4SWATH_HMLangeG
96           AQUA4SWATH_HMLangeG
97           AQUA4SWATH_HMLangeG
98           AQUA4SWATH_HMLangeG
99           AQUA4SWATH_HMLangeG

[100 rows x 24 columns]
