[ 0.00655898  0.00863043  0.00938367 ...,  1.          1.          1.        ]
[ 0.00655898  0.00863043  0.00938367 ...,  0.67595967  0.49910994
  0.34936792]
[ 0.00962478  0.01460633  0.01460633 ...,  1.          1.          1.        ]
[ 0.10028765  0.10028765  0.10028765 ...,  1.          1.          1.        ]
