   qvalue   svalue   TP  FP        TN         FN          FDR     sens   cutoff
0    0.00  0.02166    9   0  16.70984  361.29016  1.45145e-11  0.02431  7.13744
1    0.01  1.00000  374   3  13.70984   -3.70984  6.83275e-03  1.00000 -0.29134
2    0.02  1.00000  371   8   8.70984   -0.70984  2.17886e-02  1.00000 -0.34779
3    0.05  1.00000  373  14   2.70984   -2.70984  3.73491e-02  1.00000 -1.33579
4    0.10      NaN  NaN NaN       NaN        NaN          NaN      NaN      NaN
5    0.20      NaN  NaN NaN       NaN        NaN          NaN      NaN      NaN
6    0.30      NaN  NaN NaN       NaN        NaN          NaN      NaN      NaN
7    0.40      NaN  NaN NaN       NaN        NaN          NaN      NaN      NaN
8    0.50      NaN  NaN NaN       NaN        NaN          NaN      NaN      NaN
  transition_group_id  run_id  decoy  main_var_xx_swath_prelim_score  var_bseries_score  var_elution_model_fit_score  var_intensity_score  var_isotope_correlation_score  \
0            459_run0       0      0                         5.27894                  5                      0.99310              0.93048                        0.99872
1            459_run0       0      0                        -0.13974                  0                      0.95392              0.02593                        0.63251
2            459_run0       0      0                        -0.77504                  0                      0.66667              0.00044                        0.65792
3            459_run0       0      0                        -1.05455                  0                      0.84734              0.00090                        0.79844
4            459_run0       0      0                        -1.24617                  0                     -1.00000              0.00042                        0.56385
5            459_run0       0      0                        -1.27952                  1                      0.93165              0.00561                       -0.04199
6            459_run0       0      0                        -1.81519                  0                      0.93359              0.00048                        0.10477
7            460_run0       0      0                         4.90481                  0                      0.99162              0.92965                        0.99840
8            460_run0       0      0                         1.00013                  0                      0.83671              0.00222                        0.76202
9            460_run0       0      0                         0.26347                  0                      0.88442              0.00256                        0.87136

   var_isotope_overlap_score  var_library_corr    ...     var_xcorr_coelution_weighted  var_xcorr_shape  var_xcorr_shape_weighted  var_yseries_score  d_score      m_score  \
0                    0.00000           0.91241    ...                          0.00000          0.96035                   0.97098                  6  5.54973  8.83676e-09
1                    0.00000          -0.28553    ...                          0.85918          0.78918                   0.71640                  0 -1.59305  3.73491e-02
2                    0.00000           0.37647    ...                          1.97002          0.11905                   0.01499                  0 -7.43545  3.73491e-02
3                    0.25532           0.51872    ...                          2.78930          0.32919                   0.33081                  0 -4.75434  3.73491e-02
4                    0.04545           0.44591    ...                          1.00000          0.00000                   0.00000                  0 -0.99465  2.95476e-02
5                    0.09973          -0.09767    ...                          1.49087          0.71188                   0.68597                  1 -3.59089  3.73491e-02
6                    0.16000          -0.63042    ...                          0.79970          0.76181                   0.74333                  0 -3.69741  3.73491e-02
7                    0.00000           0.75717    ...                          1.00181          0.89531                   0.86789                  5  4.75553  2.13577e-07
8                    0.38002           0.95673    ...                          1.31715          0.66644                   0.63669                  0 -0.57704  2.31656e-02
9                    0.11310           0.72491    ...                          1.13988          0.73043                   0.67627                  0 -1.11036  3.68507e-02

   peak_group_rank     pg_score      h_score  h0_score
0                1  9.99773e-01  9.99928e-01   0.00007
1                3  1.41764e-04  3.21674e-08   0.00007
2                7  8.92976e-11  2.02595e-14   0.00007
3                6  6.37513e-08  1.44637e-11   0.00007
4                2  6.06454e-04  1.37673e-07   0.00007
5                4  1.09283e-06  2.47937e-10   0.00007
6                5  8.42719e-07  1.91193e-10   0.00007
7                1  9.98474e-01  9.99441e-01   0.00055
8                3  1.66954e-03  2.55378e-06   0.00055
9                5  4.57954e-04  6.99651e-07   0.00055

[10 rows x 26 columns]
     transition_group_id  run_id  decoy  main_var_xx_swath_prelim_score  var_bseries_score  var_elution_model_fit_score  var_intensity_score  var_isotope_correlation_score  \
9155      DECOY_592_run0       0      1                        -0.90975                  0                      0.82310              0.01260                       -0.14731
9156      DECOY_592_run0       0      1                        -0.95687                  0                     -1.00000              0.00238                        0.26694
9157      DECOY_592_run0       0      1                        -1.52418                  0                     -1.00000              0.00017                       -0.58333
9158      DECOY_592_run0       0      1                        -1.68998                  0                      0.89595              0.00855                        0.54665
9159      DECOY_592_run0       0      1                        -1.69213                  0                      0.95849              0.00630                       -0.32875
9160      DECOY_592_run0       0      1                        -1.84945                  0                      0.63384              0.00562                        0.37159
9161      DECOY_592_run0       0      1                        -2.10957                  0                      0.90645              0.00528                        0.22376
9162      DECOY_592_run0       0      1                        -2.31561                  0                      0.90520              0.00289                        0.13766
9163      DECOY_592_run0       0      1                        -2.53264                  0                      0.98035              0.00664                        0.07456
9164      DECOY_592_run0       0      1                        -3.44063                  0                     -1.00000              0.00102                        0.03395

      var_isotope_overlap_score  var_library_corr    ...     var_xcorr_coelution_weighted  var_xcorr_shape  var_xcorr_shape_weighted  var_yseries_score  d_score  m_score  \
9155                    0.22973           0.77838    ...                          2.00615          0.60401                   0.54118                  2 -3.74148  0.03735
9156                    0.00000          -0.09695    ...                          1.00000          0.00000                   0.00000                  0 -0.62047  0.02317
9157                    0.00000          -0.05855    ...                          1.00000          0.00000                   0.00000                  0 -4.54055  0.03735
9158                    0.60159          -0.18902    ...                          1.14626          0.78519                   0.76480                  0 -3.12732  0.03735
9159                    0.18919          -0.48222    ...                          0.79183          0.80314                   0.76801                  0 -2.97368  0.03735
9160                    0.00000          -0.37177    ...                          2.02040          0.55597                   0.33088                  0 -3.65461  0.03735
9161                    0.06452          -0.25551    ...                          0.59839          0.89342                   0.89034                  0 -1.52917  0.03735
9162                    0.00000           0.87698    ...                          2.17985          0.53993                   0.44767                  0 -5.10635  0.03735
9163                    0.20513           0.21686    ...                          0.90860          0.73639                   0.70880                  0 -4.08470  0.03735
9164                    0.33333           0.08374    ...                          1.00000          0.00000                   0.00000                  0 -3.46694  0.03735

      peak_group_rank     pg_score      h_score  h0_score
9155               12  7.56787e-07  9.21570e-07   0.87923
9156                2  1.50279e-03  1.83276e-03   0.87923
9157               15  1.07510e-07  1.30920e-07   0.87923
9158                9  3.38486e-06  4.12189e-06   0.87923
9159                8  4.92239e-06  5.99423e-06   0.87923
9160               11  9.35471e-07  1.13916e-06   0.87923
9161                4  1.65577e-04  2.01663e-04   0.87923
9162               16  2.69532e-08  3.28221e-08   0.87923
9163               14  3.27412e-07  3.98703e-07   0.87923
9164               10  1.47867e-06  1.80064e-06   0.87923

[10 rows x 26 columns]
