    transition_group_id  decoy               run_id                         filename        RT      iRT                   id   Sequence  FullUniModPeptideName  Charge              ...               Intensity  \
0                   119      0 -8670811102654834151  napedro_L120420_010_SW.mzXML.gz  1923.170   7.0277   483971408708572459  GIGDWSDSK  GIGDWSDSK(UniMod:259)       2              ...                321681.0
1                   119      0 -8670811102654834151  napedro_L120420_010_SW.mzXML.gz  1953.030   7.8936  6854889104354289238  GIGDWSDSK  GIGDWSDSK(UniMod:259)       2              ...                 45147.0
2                   119      0 -8670811102654834151  napedro_L120420_010_SW.mzXML.gz  2018.030   9.7785  2696300170322160855  GIGDWSDSK  GIGDWSDSK(UniMod:259)       2              ...                 13809.0
3                   119      0 -8670811102654834151  napedro_L120420_010_SW.mzXML.gz  1877.370   5.7000  8207933629855485114  GIGDWSDSK  GIGDWSDSK(UniMod:259)       2              ...                 36324.0
4                   119      0 -8670811102654834151  napedro_L120420_010_SW.mzXML.gz  1739.560   1.7038   745237666153652118  GIGDWSDSK  GIGDWSDSK(UniMod:259)       2              ...                 53232.0
5                   166      0 -8670811102654834151  napedro_L120420_010_SW.mzXML.gz  3084.150  40.6918  1082368609638691369  ESDILAVVK  ESDILAVVK(UniMod:259)       2              ...                195175.0
6                   166      0 -8670811102654834151  napedro_L120420_010_SW.mzXML.gz  3319.150  47.5056 -1344271892660954750  ESDILAVVK  ESDILAVVK(UniMod:259)       2              ...                 23890.0
7                   166      0 -8670811102654834151  napedro_L120420_010_SW.mzXML.gz  2965.610  37.2545 -4515618252120499488  ESDILAVVK  ESDILAVVK(UniMod:259)       2              ...                  6371.0
8                   166      0 -8670811102654834151  napedro_L120420_010_SW.mzXML.gz  3118.760  41.6952 -4044853666210028406  ESDILAVVK  ESDILAVVK(UniMod:259)       2              ...                  2909.0
9                   166      0 -8670811102654834151  napedro_L120420_010_SW.mzXML.gz  2905.870  35.5222  7439833196907350500  ESDILAVVK  ESDILAVVK(UniMod:259)       2              ...                  8281.0
10                  181      0 -8670811102654834151  napedro_L120420_010_SW.mzXML.gz  1802.890   3.5402 -1185387038568487267  VGDTVLYGK  VGDTVLYGK(UniMod:259)       2              ...                425472.0
11                  181      0 -8670811102654834151  napedro_L120420_010_SW.mzXML.gz  2057.420  10.9206 -9144727983955772280  VGDTVLYGK  VGDTVLYGK(UniMod:259)       2              ...                187136.0
12                  181      0 -8670811102654834151  napedro_L120420_010_SW.mzXML.gz  2051.650  10.7533 -7502241104084249782  VGDTVLYGK  VGDTVLYGK(UniMod:259)       2              ...                182548.0
13                  181      0 -8670811102654834151  napedro_L120420_010_SW.mzXML.gz  1987.470   8.8922 -5589929267393629061  VGDTVLYGK  VGDTVLYGK(UniMod:259)       2              ...                 44257.0
14                  181      0 -8670811102654834151  napedro_L120420_010_SW.mzXML.gz  1695.070   0.4139  7420908426531792520  VGDTVLYGK  VGDTVLYGK(UniMod:259)       2              ...                 21384.0
15                  296      0 -8670811102654834151  napedro_L120420_010_SW.mzXML.gz  2098.420  12.1094  -590851697010432663   TTEEFSIR   TTEEFSIR(UniMod:267)       2              ...                489878.0
16                  296      0 -8670811102654834151  napedro_L120420_010_SW.mzXML.gz  2286.280  17.5565  2498174514067360358   TTEEFSIR   TTEEFSIR(UniMod:267)       2              ...                 18863.0
17                  296      0 -8670811102654834151  napedro_L120420_010_SW.mzXML.gz  2317.310  18.4563  4077328552377343907   TTEEFSIR   TTEEFSIR(UniMod:267)       2              ...                 53040.0
18                  296      0 -8670811102654834151  napedro_L120420_010_SW.mzXML.gz  2236.060  16.1005 -7598183316422320641   TTEEFSIR   TTEEFSIR(UniMod:267)       2              ...                 46822.0
19                  296      0 -8670811102654834151  napedro_L120420_010_SW.mzXML.gz  2058.820  10.9611  -813096475887580350   TTEEFSIR   TTEEFSIR(UniMod:267)       2              ...                 31738.0
20                    3      0 -8670811102654834151  napedro_L120420_010_SW.mzXML.gz  1440.970  -6.9541  8126738070040012582  DAVNDITAK  DAVNDITAK(UniMod:259)       2              ...                550550.0
21                    3      0 -8670811102654834151  napedro_L120420_010_SW.mzXML.gz  1399.460  -8.1576 -1776048885737895349  DAVNDITAK  DAVNDITAK(UniMod:259)       2              ...                  9087.0
22                    3      0 -8670811102654834151  napedro_L120420_010_SW.mzXML.gz  1498.300  -5.2918    -2964685333120901  DAVNDITAK  DAVNDITAK(UniMod:259)       2              ...                 16487.0
23                    3      0 -8670811102654834151  napedro_L120420_010_SW.mzXML.gz  1379.860  -8.7259  3148606271787840557  DAVNDITAK  DAVNDITAK(UniMod:259)       2              ...                 13278.0
24                    3      0 -8670811102654834151  napedro_L120420_010_SW.mzXML.gz  1222.180 -13.2980  4042037459888573790  DAVNDITAK  DAVNDITAK(UniMod:259)       2              ...                  4862.0
25                  335      0 -8670811102654834151  napedro_L120420_010_SW.mzXML.gz  3887.980  63.9996  6807035558008181173   LTILEELR   LTILEELR(UniMod:267)       2              ...                212419.0
26                  335      0 -8670811102654834151  napedro_L120420_010_SW.mzXML.gz  4244.760  74.3449 -6177868116478794095   LTILEELR   LTILEELR(UniMod:267)       2              ...                 11196.0
27                  335      0 -8670811102654834151  napedro_L120420_010_SW.mzXML.gz  3764.530  60.4198 -2717234821920973391   LTILEELR   LTILEELR(UniMod:267)       2              ...                 31792.0
28                  335      0 -8670811102654834151  napedro_L120420_010_SW.mzXML.gz  4005.280  67.4008  4668526596917759849   LTILEELR   LTILEELR(UniMod:267)       2              ...                 27738.0
29                  335      0 -8670811102654834151  napedro_L120420_010_SW.mzXML.gz  3946.700  65.7023 -4036875726329451313   LTILEELR   LTILEELR(UniMod:267)       2              ...                 11677.0
..                  ...    ...                  ...                              ...       ...      ...                  ...        ...                    ...     ...              ...                     ...
70                  332      0 -8670811102654834151  napedro_L120420_010_SW.mzXML.gz  1162.610 -15.0254 -2755207600426519200   GSMADVPK   GSMADVPK(UniMod:259)       2              ...                275415.0
71                  332      0 -8670811102654834151  napedro_L120420_010_SW.mzXML.gz  1041.200 -18.5458  8784267811786535601   GSMADVPK   GSMADVPK(UniMod:259)       2              ...                214548.0
72                  332      0 -8670811102654834151  napedro_L120420_010_SW.mzXML.gz   964.522 -20.7691 -6917443222480413249   GSMADVPK   GSMADVPK(UniMod:259)       2              ...                 21216.0
73                  332      0 -8670811102654834151  napedro_L120420_010_SW.mzXML.gz  1230.460 -13.0580 -2347738178531688891   GSMADVPK   GSMADVPK(UniMod:259)       2              ...                 33940.0
74                  332      0 -8670811102654834151  napedro_L120420_010_SW.mzXML.gz  1440.430  -6.9697  5361381102613230651   GSMADVPK   GSMADVPK(UniMod:259)       2              ...                 10022.0
75                  674      1 -8670811102654834151  napedro_L120420_010_SW.mzXML.gz  1162.830 -15.0190  -959703998396271617   GAVDMSPK   GAVDMSPK(UniMod:259)       2              ...                 27913.0
76                  674      1 -8670811102654834151  napedro_L120420_010_SW.mzXML.gz  1198.800 -13.9761  2954240640806951512   GAVDMSPK   GAVDMSPK(UniMod:259)       2              ...                 22015.0
77                  674      1 -8670811102654834151  napedro_L120420_010_SW.mzXML.gz   910.881 -22.3245  1789158895993193881   GAVDMSPK   GAVDMSPK(UniMod:259)       2              ...                 35478.0
78                  674      1 -8670811102654834151  napedro_L120420_010_SW.mzXML.gz  1117.560 -16.3317  1003265592921862760   GAVDMSPK   GAVDMSPK(UniMod:259)       2              ...                 14603.0
79                  674      1 -8670811102654834151  napedro_L120420_010_SW.mzXML.gz  1228.230 -13.1228  3195779388790995397   GAVDMSPK   GAVDMSPK(UniMod:259)       2              ...                 14925.0
80                  110      0 -8670811102654834151  napedro_L120420_010_SW.mzXML.gz  1264.590 -12.0685   907798184844509396   DFVDASSK   DFVDASSK(UniMod:259)       2              ...                581237.0
81                  110      0 -8670811102654834151  napedro_L120420_010_SW.mzXML.gz  1023.420 -19.0612  6993429600930738922   DFVDASSK   DFVDASSK(UniMod:259)       2              ...                 26830.0
82                  110      0 -8670811102654834151  napedro_L120420_010_SW.mzXML.gz  1161.060 -15.0703 -4208532826626093924   DFVDASSK   DFVDASSK(UniMod:259)       2              ...                108032.0
83                  110      0 -8670811102654834151  napedro_L120420_010_SW.mzXML.gz  1314.940 -10.6083  8402616797297184157   DFVDASSK   DFVDASSK(UniMod:259)       2              ...                 61597.0
84                  110      0 -8670811102654834151  napedro_L120420_010_SW.mzXML.gz  1130.940 -15.9436   660597160710703125   DFVDASSK   DFVDASSK(UniMod:259)       2              ...                 30378.0
85                  161      0 -8670811102654834151  napedro_L120420_010_SW.mzXML.gz  1528.800  -4.4073 -6247325695697316110   AIAEEVPK   AIAEEVPK(UniMod:259)       2              ...                377911.0
86                  161      0 -8670811102654834151  napedro_L120420_010_SW.mzXML.gz  1632.060  -1.4131 -6879902055399185725   AIAEEVPK   AIAEEVPK(UniMod:259)       2              ...                 72517.0
87                  161      0 -8670811102654834151  napedro_L120420_010_SW.mzXML.gz  1748.330   1.9582  -516875450880926167   AIAEEVPK   AIAEEVPK(UniMod:259)       2              ...                195211.0
88                  161      0 -8670811102654834151  napedro_L120420_010_SW.mzXML.gz  1427.340  -7.3493 -8572027022063479939   AIAEEVPK   AIAEEVPK(UniMod:259)       2              ...                 26629.0
89                  161      0 -8670811102654834151  napedro_L120420_010_SW.mzXML.gz  1693.260   0.3614 -8673280133918528437   AIAEEVPK   AIAEEVPK(UniMod:259)       2              ...                 31963.0
90                  224      0 -8670811102654834151  napedro_L120420_010_SW.mzXML.gz  2618.690  27.1953  2420003526646410766   IPVGVTLR   IPVGVTLR(UniMod:267)       2              ...                668268.0
91                  224      0 -8670811102654834151  napedro_L120420_010_SW.mzXML.gz  2801.540  32.4971  6916830601675165700   IPVGVTLR   IPVGVTLR(UniMod:267)       2              ...                 50544.0
92                  224      0 -8670811102654834151  napedro_L120420_010_SW.mzXML.gz  2729.440  30.4064  3091856549241518645   IPVGVTLR   IPVGVTLR(UniMod:267)       2              ...                 26600.0
93                  224      0 -8670811102654834151  napedro_L120420_010_SW.mzXML.gz  2585.240  26.2251  5179245063460261386   IPVGVTLR   IPVGVTLR(UniMod:267)       2              ...                 27877.0
94                  224      0 -8670811102654834151  napedro_L120420_010_SW.mzXML.gz  2833.550  33.4253 -5984372422519045878   IPVGVTLR   IPVGVTLR(UniMod:267)       2              ...                 13649.0
95                  284      0 -8670811102654834151  napedro_L120420_010_SW.mzXML.gz  1029.320 -18.8901  1942224637395595189   ELSAHGIR   ELSAHGIR(UniMod:267)       2              ...                 61316.0
96                  284      0 -8670811102654834151  napedro_L120420_010_SW.mzXML.gz  1171.920 -14.7555 -7764563515402306593   ELSAHGIR   ELSAHGIR(UniMod:267)       2              ...                 29743.0
97                  284      0 -8670811102654834151  napedro_L120420_010_SW.mzXML.gz   951.989 -21.1325  6683827670616364297   ELSAHGIR   ELSAHGIR(UniMod:267)       2              ...                 17408.0
98                  284      0 -8670811102654834151  napedro_L120420_010_SW.mzXML.gz   793.346 -25.7325 -1228055734970925218   ELSAHGIR   ELSAHGIR(UniMod:267)       2              ...                 15159.0
99                  284      0 -8670811102654834151  napedro_L120420_010_SW.mzXML.gz  1335.170 -10.0219 -5615594150145763451   ELSAHGIR   ELSAHGIR(UniMod:267)       2              ...                  5089.0

    aggr_prec_peak_area  aggr_prec_peak_apex  assay_rt  delta_rt  leftWidth  rightWidth  d_score  m_score                   ProteinName
0            9.3537e+05          192394.8869       9.4  -85.0733  1898.6700   1946.4600   4.6095   0.0033           AQUA4SWATH_HMLangeF
1            4.5883e+04            5696.7273       9.4  -55.2126  1946.4600   1977.1899  -1.1146   0.5103           AQUA4SWATH_HMLangeF
2            9.5752e+04           17401.1825       9.4    9.7944  2001.0900   2024.9800  -0.5156   0.5103           AQUA4SWATH_HMLangeF
3            4.8788e+04            6239.5198       9.4 -130.8641  1857.7000   1898.6700  -1.3123   0.5103           AQUA4SWATH_HMLangeF
4            6.6798e+04            6493.7774       9.4 -268.6805  1717.7300   1762.1100  -3.4380   0.5103           AQUA4SWATH_HMLangeF
5            6.0404e+05           88839.6351      40.9   -6.0218  3066.2200   3110.6101   5.4871   0.0033              AQUA4SWATH_Lepto
6            1.0208e+05            9115.7093      40.9  228.9700  3301.7800   3339.3301  -1.0590   0.5103              AQUA4SWATH_Lepto
7            1.0928e+05            9268.4901      40.9 -124.5660  2946.7400   2994.5300   1.9265   0.0120              AQUA4SWATH_Lepto
8            3.3950e+04            9989.7797      40.9   28.5831  3114.0200   3131.0901   2.0846   0.0120              AQUA4SWATH_Lepto
9            1.4308e+05           15059.3519      40.9 -184.3073  2881.8701   2929.6699  -2.1484   0.5103              AQUA4SWATH_Lepto
10           2.0532e+06          362452.9970       3.7   -9.5719  1782.6000   1820.1500   4.9716   0.0033              AQUA4SWATH_Lepto
11           2.9094e+06          307124.9353       3.7  244.9606  2035.2300   2079.6101  -2.9587   0.5103              AQUA4SWATH_Lepto
12           2.8904e+06          613377.3062       3.7  239.1899  2035.2300   2076.1899  -3.3202   0.5103              AQUA4SWATH_Lepto
13           2.0298e+05           10080.9651       3.7  175.0063  1963.5300   2024.9800   0.3668   0.2529              AQUA4SWATH_Lepto
14           7.2662e+05          112535.8292       3.7 -117.3867  1680.1801   1714.3199  -1.8760   0.5103              AQUA4SWATH_Lepto
15           1.5217e+06          251812.1613      14.8  -95.2928  2079.6101   2134.2300   5.0475   0.0033       AQUA4SWATH_Tuberculosis
16           8.1817e+04           11101.2325      14.8   92.5636  2270.7900   2304.9199   0.4544   0.2529       AQUA4SWATH_Tuberculosis
17           5.9417e+04            5668.0972      14.8  123.5943  2311.7500   2339.0601   0.4917   0.2529       AQUA4SWATH_Tuberculosis
18           2.8819e+05            8256.6894      14.8   42.3490  2195.6799   2257.1299  -0.3613   0.5103       AQUA4SWATH_Tuberculosis
19           4.9217e+04            4818.7086      14.8 -134.8966  2035.2300   2069.3601  -0.7728   0.5103       AQUA4SWATH_Tuberculosis
20           1.7190e+06          346652.2688      -7.8   23.5022  1420.7200   1461.6899   5.4913   0.0033           AQUA4SWATH_HMLangeA
21           2.9226e+04            4199.7868      -7.8  -18.0040  1386.5800   1407.0601   1.6753   0.0478           AQUA4SWATH_HMLangeA
22           6.8175e+04            8977.3591      -7.8   80.8291  1475.3400   1519.7200   0.2167   0.5103           AQUA4SWATH_HMLangeA
23           3.9047e+04            4975.0670      -7.8  -37.6044  1349.0300   1386.5800  -0.1342   0.5103           AQUA4SWATH_HMLangeA
24           3.3378e+04            5904.1374      -7.8 -195.2828  1215.8800   1243.1899  -1.2229   0.5103           AQUA4SWATH_HMLangeA
25           3.7317e+05           77500.1020      67.2 -105.5244  3868.4900   3906.0400   5.1825   0.0033             AQUA4SWATH_YeastB
26           2.3720e+04            1237.2685      67.2  251.2565  4237.1899   4271.3301  -0.2885   0.5103             AQUA4SWATH_YeastB
27           1.0396e+04             195.4269      67.2 -228.9827  3742.1799   3789.9700  -2.4545   0.5103             AQUA4SWATH_YeastB
28           1.5387e+04             910.6041      67.2   11.7743  3974.3201   4035.7700   1.5426   0.0478             AQUA4SWATH_YeastB
29           7.7979e+03             261.4035      67.2  -46.8056  3919.7000   3974.3201  -0.6071   0.5103             AQUA4SWATH_YeastB
..                  ...                  ...       ...       ...        ...         ...      ...      ...                           ...
70           1.0022e+06          324426.8226     -15.4    6.1815  1147.3000   1178.0200   5.8006   0.0033             AQUA4SWATH_YeastB
71           1.7067e+05            5028.3871     -15.4 -115.2294  1014.1600   1082.4301  -0.7991   0.5103             AQUA4SWATH_YeastB
72           4.0974e+04            6738.1029     -15.4 -191.9053   949.2940    983.4340  -1.2174   0.5103             AQUA4SWATH_YeastB
73           7.7314e+05           19575.2239     -15.4   74.0314  1218.9900   1256.5400  -1.4901   0.5103             AQUA4SWATH_YeastB
74           3.1340e+04            4255.4863     -15.4  284.0005  1434.0699   1454.5500  -2.7502   0.5103             AQUA4SWATH_YeastB
75           1.0101e+06          292770.8343     -15.4    6.4029  1143.8900   1178.0200  -1.0719   0.5103       DECOY_AQUA4SWATH_YeastB
76           1.1202e+05           10039.2057     -15.4   42.3692  1181.4399   1215.5699  -0.5605   0.5103       DECOY_AQUA4SWATH_YeastB
77           1.3004e+05            3825.3603     -15.4 -245.5469   884.4320    942.4680  -1.4835   0.5103       DECOY_AQUA4SWATH_YeastB
78           8.9584e+04           18668.2131     -15.4  -38.8687  1085.8500   1119.9900  -2.5186   0.5103       DECOY_AQUA4SWATH_YeastB
79           2.3956e+05           19575.2239     -15.4   71.7979  1215.5699   1242.8900  -0.9156   0.5103       DECOY_AQUA4SWATH_YeastB
80           1.3826e+06          339988.2357     -13.5   42.8986  1249.8199   1280.5400   4.4887   0.0033           AQUA4SWATH_HMLangeF
81           1.8340e+05           30934.4468     -13.5 -198.2624  1004.0200   1041.5699   0.0455   0.5103           AQUA4SWATH_HMLangeF
82           3.7581e+05           73083.3838     -13.5  -60.6288  1133.7400   1191.7800   0.9375   0.1391           AQUA4SWATH_HMLangeF
83           6.3743e+04            4156.1088     -13.5   93.2571  1294.2000   1348.8199   0.9058   0.1391           AQUA4SWATH_HMLangeF
84           6.9432e+04            6472.6041     -13.5  -90.7457  1099.6100   1133.7400  -1.1252   0.5103           AQUA4SWATH_HMLangeF
85           1.9132e+06          523931.0412      -4.6    1.4236  1509.2800   1550.2400   5.1380   0.0033              AQUA4SWATH_Lepto
86           1.3601e+05           11400.5578      -4.6  104.6840  1615.1100   1652.6600   2.6693   0.0120              AQUA4SWATH_Lepto
87           1.5088e+05            8093.1877      -4.6  220.9538  1727.7700   1778.9700   1.2885   0.1131              AQUA4SWATH_Lepto
88           1.1070e+05           13877.1556      -4.6 -100.0388  1417.1000   1451.2400  -0.1730   0.5103              AQUA4SWATH_Lepto
89           1.3177e+05           11172.5559      -4.6  165.8843  1662.9000   1710.7000  -0.7047   0.5103              AQUA4SWATH_Lepto
90           1.8763e+06          348018.3079      26.7   16.2474  2598.3201   2639.2800   5.4680   0.0033  AQUA4SWATH_MycoplasmaSchmidt
91           2.1689e+04            3831.0022      26.7  199.0932  2782.6699   2820.2200  -0.7658   0.5103  AQUA4SWATH_MycoplasmaSchmidt
92           8.6685e+04            7810.2546      26.7  126.9903  2707.5601   2762.1799  -2.3150   0.5103  AQUA4SWATH_MycoplasmaSchmidt
93           2.6711e+04            3514.0587      26.7  -17.2106  2557.3501   2591.4900   0.2211   0.5103  AQUA4SWATH_MycoplasmaSchmidt
94           5.4792e+04           11054.2692      26.7  231.1050  2827.0500   2857.7700   0.9471   0.1391  AQUA4SWATH_MycoplasmaSchmidt
95           3.0869e+05           97801.6303     -18.3  -27.4971  1014.2600   1044.9900   5.0003   0.0033       AQUA4SWATH_Tuberculosis
96           1.0130e+05            5477.7666     -18.3  115.0964  1150.8199   1191.7800   0.3701   0.2529       AQUA4SWATH_Tuberculosis
97           9.0072e+04            3065.3609     -18.3 -104.8319   925.4980    976.7060  -0.7414   0.5103       AQUA4SWATH_Tuberculosis
98           3.4394e+04            3181.0098     -18.3 -263.4743   778.7020    816.2540  -1.7921   0.5103       AQUA4SWATH_Tuberculosis
99           2.0218e+04            2291.1653     -18.3  278.3445  1324.9200   1345.4100  -2.5943   0.5103       AQUA4SWATH_Tuberculosis

[100 rows x 21 columns]
