[ 0.00655898  0.00863043  0.00938367 ...,  1.          1.          1.        ]
[ 0.00655898  0.00863043  0.00938367 ...,  0.67595967  0.49910994
  0.34936792]
[ 0.00454073  0.0153106   0.01617859 ...,  1.          1.          1.        ]
[ 0.10028765  0.10028765  0.10028765 ...,  1.          1.          1.        ]
